Component: Arm Compiler for Embedded 6.18 Tool: armlink [5e4cc100]

==============================================================================

Section Cross References

    stm32f3xx_it.o(.ARM.exidx.text.NMI_Handler) refers to stm32f3xx_it.o(.text.NMI_Handler) for [Anonymous Symbol]
    stm32f3xx_it.o(.ARM.exidx.text.HardFault_Handler) refers to stm32f3xx_it.o(.text.HardFault_Handler) for [Anonymous Symbol]
    stm32f3xx_it.o(.ARM.exidx.text.MemManage_Handler) refers to stm32f3xx_it.o(.text.MemManage_Handler) for [Anonymous Symbol]
    stm32f3xx_it.o(.ARM.exidx.text.BusFault_Handler) refers to stm32f3xx_it.o(.text.BusFault_Handler) for [Anonymous Symbol]
    stm32f3xx_it.o(.ARM.exidx.text.UsageFault_Handler) refers to stm32f3xx_it.o(.text.UsageFault_Handler) for [Anonymous Symbol]
    stm32f3xx_it.o(.ARM.exidx.text.SVC_Handler) refers to stm32f3xx_it.o(.text.SVC_Handler) for [Anonymous Symbol]
    stm32f3xx_it.o(.ARM.exidx.text.DebugMon_Handler) refers to stm32f3xx_it.o(.text.DebugMon_Handler) for [Anonymous Symbol]
    stm32f3xx_it.o(.ARM.exidx.text.PendSV_Handler) refers to stm32f3xx_it.o(.text.PendSV_Handler) for [Anonymous Symbol]
    stm32f3xx_it.o(.ARM.exidx.text.SysTick_Handler) refers to stm32f3xx_it.o(.text.SysTick_Handler) for [Anonymous Symbol]
    main.o(.text.main) refers to main.o(.text.SystemClock_Config) for SystemClock_Config
    main.o(.text.main) refers to main.o(.text.LL_AHB1_GRP1_EnableClock) for LL_AHB1_GRP1_EnableClock
    main.o(.text.main) refers to stm32f3xx_ll_gpio.o(.text.LL_GPIO_StructInit) for LL_GPIO_StructInit
    main.o(.text.main) refers to stm32f3xx_ll_gpio.o(.text.LL_GPIO_Init) for LL_GPIO_Init
    main.o(.text.main) refers to main.o(.text.LL_APB1_GRP1_EnableClock) for LL_APB1_GRP1_EnableClock
    main.o(.text.main) refers to stm32f3xx_ll_tim.o(.text.LL_TIM_StructInit) for LL_TIM_StructInit
    main.o(.text.main) refers to stm32f3xx_ll_tim.o(.text.LL_TIM_Init) for LL_TIM_Init
    main.o(.text.main) refers to main.o(.text.LL_TIM_EnableCounter) for LL_TIM_EnableCounter
    main.o(.text.main) refers to main.o(.text.LL_TIM_EnableIT_UPDATE) for LL_TIM_EnableIT_UPDATE
    main.o(.text.main) refers to main.o(.text.LL_APB2_GRP1_EnableClock) for LL_APB2_GRP1_EnableClock
    main.o(.text.main) refers to stm32f3xx_ll_usart.o(.text.LL_USART_StructInit) for LL_USART_StructInit
    main.o(.text.main) refers to stm32f3xx_ll_usart.o(.text.LL_USART_Init) for LL_USART_Init
    main.o(.text.main) refers to main.o(.text.LL_USART_EnableIT_RXNE) for LL_USART_EnableIT_RXNE
    main.o(.text.main) refers to main.o(.text.LL_USART_Enable) for LL_USART_Enable
    main.o(.text.main) refers to main.o(.text.LL_SYSCFG_SetEXTISource) for LL_SYSCFG_SetEXTISource
    main.o(.text.main) refers to stm32f3xx_ll_exti.o(.text.LL_EXTI_Init) for LL_EXTI_Init
    main.o(.text.main) refers to main.o(.data.priority_grouping) for priority_grouping
    main.o(.text.main) refers to main.o(.text.NVIC_EncodePriority) for NVIC_EncodePriority
    main.o(.text.main) refers to main.o(.bss.encoded_priority) for encoded_priority
    main.o(.text.main) refers to main.o(.text.__NVIC_SetPriority) for __NVIC_SetPriority
    main.o(.text.main) refers to main.o(.text.__NVIC_EnableIRQ) for __NVIC_EnableIRQ
    main.o(.ARM.exidx.text.main) refers to main.o(.text.main) for [Anonymous Symbol]
    main.o(.text.SystemClock_Config) refers to main.o(.text.LL_FLASH_SetLatency) for LL_FLASH_SetLatency
    main.o(.text.SystemClock_Config) refers to main.o(.text.LL_RCC_HSI_IsReady) for LL_RCC_HSI_IsReady
    main.o(.text.SystemClock_Config) refers to main.o(.text.LL_RCC_HSI_Enable) for LL_RCC_HSI_Enable
    main.o(.text.SystemClock_Config) refers to main.o(.text.LL_RCC_PLL_ConfigDomain_SYS) for LL_RCC_PLL_ConfigDomain_SYS
    main.o(.text.SystemClock_Config) refers to main.o(.text.LL_RCC_PLL_Enable) for LL_RCC_PLL_Enable
    main.o(.text.SystemClock_Config) refers to main.o(.text.LL_RCC_PLL_IsReady) for LL_RCC_PLL_IsReady
    main.o(.text.SystemClock_Config) refers to main.o(.text.LL_RCC_SetAHBPrescaler) for LL_RCC_SetAHBPrescaler
    main.o(.text.SystemClock_Config) refers to main.o(.text.LL_RCC_SetSysClkSource) for LL_RCC_SetSysClkSource
    main.o(.text.SystemClock_Config) refers to main.o(.text.LL_RCC_GetSysClkSource) for LL_RCC_GetSysClkSource
    main.o(.text.SystemClock_Config) refers to main.o(.text.LL_RCC_SetAPB1Prescaler) for LL_RCC_SetAPB1Prescaler
    main.o(.text.SystemClock_Config) refers to main.o(.text.LL_RCC_SetAPB2Prescaler) for LL_RCC_SetAPB2Prescaler
    main.o(.text.SystemClock_Config) refers to stm32f3xx_ll_utils.o(.text.LL_Init1msTick) for LL_Init1msTick
    main.o(.text.SystemClock_Config) refers to stm32f3xx_ll_utils.o(.text.LL_SetSystemCoreClock) for LL_SetSystemCoreClock
    main.o(.ARM.exidx.text.SystemClock_Config) refers to main.o(.text.SystemClock_Config) for [Anonymous Symbol]
    main.o(.ARM.exidx.text.LL_AHB1_GRP1_EnableClock) refers to main.o(.text.LL_AHB1_GRP1_EnableClock) for [Anonymous Symbol]
[...]
    entry2.o(__vectab_stack_and_reset_area) refers to entry.o(.ARM.Collect$$$$00000000) for __main
    entry5.o(.ARM.Collect$$$$00000004) refers to init.o(.text) for __scatterload
    entry9a.o(.ARM.Collect$$$$0000000B) refers to main.o(.text.main) for main
    entry9b.o(.ARM.Collect$$$$0000000C) refers to main.o(.text.main) for main
    depilogue.o(.text) refers (Special) to iusefp.o(.text) for __I$use$fp
    depilogue.o(.text) refers to llshl.o(.text) for __aeabi_llsl
    depilogue.o(.text) refers to llushr.o(.text) for __aeabi_llsr
    init.o(.text) refers to entry5.o(.ARM.Collect$$$$00000004) for __main_after_scatterload


==============================================================================

Removing Unused input sections from the image.

    Removing stm32f3xx_it.o(.text), (0 bytes).
    Removing stm32f3xx_it.o(.ARM.exidx.text.NMI_Handler), (8 bytes).
    Removing stm32f3xx_it.o(.ARM.exidx.text.HardFault_Handler), (8 bytes).
    Removing stm32f3xx_it.o(.ARM.exidx.text.MemManage_Handler), (8 bytes).
    Removing stm32f3xx_it.o(.ARM.exidx.text.BusFault_Handler), (8 bytes).
    Removing stm32f3xx_it.o(.ARM.exidx.text.UsageFault_Handler), (8 bytes).
    Removing stm32f3xx_it.o(.ARM.exidx.text.SVC_Handler), (8 bytes).
    Removing stm32f3xx_it.o(.ARM.exidx.text.DebugMon_Handler), (8 bytes).
    Removing stm32f3xx_it.o(.ARM.exidx.text.PendSV_Handler), (8 bytes).
    Removing stm32f3xx_it.o(.ARM.exidx.text.SysTick_Handler), (8 bytes).
    Removing main.o(.text), (0 bytes).
    Removing main.o(.ARM.exidx.text.main), (8 bytes).
    Removing main.o(.ARM.exidx.text.SystemClock_Config), (8 bytes).
    Removing main.o(.ARM.exidx.text.LL_AHB1_GRP1_EnableClock), (8 bytes).
    Removing main.o(.ARM.exidx.text.LL_APB1_GRP1_EnableClock), (8 bytes).
    Removing main.o(.ARM.exidx.text.LL_TIM_EnableCounter), (8 bytes).
    Removing main.o(.ARM.exidx.text.LL_TIM_EnableIT_UPDATE), (8 bytes).
    Removing main.o(.ARM.exidx.text.LL_APB2_GRP1_EnableClock), (8 bytes).
    Removing main.o(.ARM.exidx.text.LL_USART_EnableIT_RXNE), (8 bytes).
    Removing main.o(.ARM.exidx.text.LL_USART_Enable), (8 bytes).
    Removing main.o(.ARM.exidx.text.LL_SYSCFG_SetEXTISource), (8 bytes).
    Removing main.o(.ARM.exidx.text.NVIC_EncodePriority), (8 bytes).
    Removing main.o(.ARM.exidx.text.__NVIC_SetPriority), (8 bytes).
    Removing main.o(.ARM.exidx.text.__NVIC_EnableIRQ), (8 bytes).
    Removing main.o(.text.StepMotor_PINsB_Full), (214 bytes).
    Removing main.o(.ARM.exidx.text.StepMotor_PINsB_Full), (8 bytes).
    Removing main.o(.ARM.exidx.text.LL_GPIO_SetOutputPin), (8 bytes).
    Removing main.o(.ARM.exidx.text.LL_GPIO_ResetOutputPin), (8 bytes).
    Removing main.o(.text.StepMotor_PINsC_Full), (230 bytes).
    Removing main.o(.ARM.exidx.text.StepMotor_PINsC_Full), (8 bytes).
    Removing main.o(.ARM.exidx.text.StepMotor_PINsB_Half), (8 bytes).
    Removing main.o(.ARM.exidx.text.StepMotor_PINsC_Half), (8 bytes).
    Removing main.o(.ARM.exidx.text.Rotation_Vertical_Half_Step), (8 bytes).
    Removing main.o(.ARM.exidx.text.Rotation_Horizontal_Half_Step), (8 bytes).
    Removing main.o(.text.Rotation_Vertical), (128 bytes).
    Removing main.o(.ARM.exidx.text.Rotation_Vertical), (8 bytes).
    Removing main.o(.text.Rotation_Horizontal), (128 bytes).
    Removing main.o(.ARM.exidx.text.Rotation_Horizontal), (8 bytes).
    Removing main.o(.text.Move_Full), (236 bytes).
    Removing main.o(.ARM.exidx.text.Move_Full), (8 bytes).
    Removing main.o(.ARM.exidx.text.Move_Half), (8 bytes).
    Removing main.o(.ARM.exidx.text.TIM3_Counter_Routine), (8 bytes).
    Removing main.o(.ARM.exidx.text.LL_TIM_IsEnabledCounter), (8 bytes).
    Removing main.o(.ARM.exidx.text.LL_TIM_GetCounter), (8 bytes).
    Removing main.o(.ARM.exidx.text.LL_TIM_SetCounter), (8 bytes).
    Removing main.o(.ARM.exidx.text.Check_Direction), (8 bytes).
    Removing main.o(.ARM.exidx.text.LL_GPIO_IsInputPinSet), (8 bytes).
    Removing main.o(.ARM.exidx.text.Null_Position_Detection), (8 bytes).
    Removing main.o(.ARM.exidx.text.EXTI3_IRQHandler), (8 bytes).
    Removing main.o(.ARM.exidx.text.LL_EXTI_ClearFlag_0_31), (8 bytes).
    Removing main.o(.ARM.exidx.text.EXTI4_IRQHandler), (8 bytes).
    Removing main.o(.ARM.exidx.text.USART1_IRQHandler), (8 bytes).
    Removing main.o(.ARM.exidx.text.LL_USART_ReceiveData8), (8 bytes).
    Removing main.o(.ARM.exidx.text.TIM3_IRQHandler), (8 bytes).
    Removing main.o(.ARM.exidx.text.LL_TIM_IsActiveFlag_UPDATE), (8 bytes).
    Removing main.o(.ARM.exidx.text.LL_TIM_ClearFlag_UPDATE), (8 bytes).
    Removing main.o(.ARM.exidx.text.TIM2_IRQHandler), (8 bytes).
    Removing main.o(.ARM.exidx.text.LL_FLASH_SetLatency), (8 bytes).
    Removing main.o(.ARM.exidx.text.LL_RCC_HSI_IsReady), (8 bytes).
    Removing main.o(.ARM.exidx.text.LL_RCC_HSI_Enable), (8 bytes).
    Removing main.o(.ARM.exidx.text.LL_RCC_PLL_ConfigDomain_SYS), (8 bytes).
    Removing main.o(.ARM.exidx.text.LL_RCC_PLL_Enable), (8 bytes).
    Removing main.o(.ARM.exidx.text.LL_RCC_PLL_IsReady), (8 bytes).
    Removing main.o(.ARM.exidx.text.LL_RCC_SetAHBPrescaler), (8 bytes).
    Removing main.o(.ARM.exidx.text.LL_RCC_SetSysClkSource), (8 bytes).
    Removing main.o(.ARM.exidx.text.LL_RCC_GetSysClkSource), (8 bytes).
    Removing main.o(.ARM.exidx.text.LL_RCC_SetAPB1Prescaler), (8 bytes).
    Removing main.o(.ARM.exidx.text.LL_RCC_SetAPB2Prescaler), (8 bytes).
    Removing main.o(.bss.count_rotations), (4 bytes).
    Removing main.o(.bss.Rotation_Vertical.step), (4 bytes).
    Removing main.o(.bss.Rotation_Horizontal.step), (4 bytes).
    Removing main.o(.ARM.use_no_argv), (4 bytes).
    Removing stm32f3xx_ll_utils.o(.text), (0 bytes).
    Removing stm32f3xx_ll_utils.o(.ARM.exidx.text.LL_Init1msTick), (8 bytes).
    Removing stm32f3xx_ll_utils.o(.ARM.exidx.text.LL_InitTick), (8 bytes).
    Removing stm32f3xx_ll_utils.o(.text.LL_mDelay), (74 bytes).
    Removing stm32f3xx_ll_utils.o(.ARM.exidx.text.LL_mDelay), (8 bytes).
    Removing stm32f3xx_ll_utils.o(.ARM.exidx.text.LL_SetSystemCoreClock), (8 bytes).
    Removing stm32f3xx_ll_utils.o(.text.LL_SetFlashLatency), (188 bytes).
    Removing stm32f3xx_ll_utils.o(.ARM.exidx.text.LL_SetFlashLatency), (8 bytes).
    Removing stm32f3xx_ll_utils.o(.text.LL_FLASH_SetLatency), (28 bytes).
    Removing stm32f3xx_ll_utils.o(.ARM.exidx.text.LL_FLASH_SetLatency), (8 bytes).
    Removing stm32f3xx_ll_utils.o(.text.LL_FLASH_GetLatency), (16 bytes).
    Removing stm32f3xx_ll_utils.o(.ARM.exidx.text.LL_FLASH_GetLatency), (8 bytes).
    Removing stm32f3xx_ll_utils.o(.text.LL_PLL_ConfigSystemClock_HSI), (116 bytes).
    Removing stm32f3xx_ll_utils.o(.ARM.exidx.text.LL_PLL_ConfigSystemClock_HSI), (8 bytes).
    Removing stm32f3xx_ll_utils.o(.text.UTILS_PLL_IsBusy), (34 bytes).
    Removing stm32f3xx_ll_utils.o(.ARM.exidx.text.UTILS_PLL_IsBusy), (8 bytes).
    Removing stm32f3xx_ll_utils.o(.text.UTILS_GetPLLOutputFrequency), (86 bytes).
    Removing stm32f3xx_ll_utils.o(.ARM.exidx.text.UTILS_GetPLLOutputFrequency), (8 bytes).
    Removing stm32f3xx_ll_utils.o(.text.LL_RCC_HSI_IsReady), (16 bytes).
    Removing stm32f3xx_ll_utils.o(.ARM.exidx.text.LL_RCC_HSI_IsReady), (8 bytes).
    Removing stm32f3xx_ll_utils.o(.text.LL_RCC_HSI_Enable), (18 bytes).
    Removing stm32f3xx_ll_utils.o(.ARM.exidx.text.LL_RCC_HSI_Enable), (8 bytes).
    Removing stm32f3xx_ll_utils.o(.text.LL_RCC_PLL_ConfigDomain_SYS), (56 bytes).
    Removing stm32f3xx_ll_utils.o(.ARM.exidx.text.LL_RCC_PLL_ConfigDomain_SYS), (8 bytes).
    Removing stm32f3xx_ll_utils.o(.text.UTILS_EnablePLLAndSwitchSystem), (250 bytes).
    Removing stm32f3xx_ll_utils.o(.ARM.exidx.text.UTILS_EnablePLLAndSwitchSystem), (8 bytes).
    Removing stm32f3xx_ll_utils.o(.text.LL_PLL_ConfigSystemClock_HSE), (132 bytes).
    Removing stm32f3xx_ll_utils.o(.ARM.exidx.text.LL_PLL_ConfigSystemClock_HSE), (8 bytes).
    Removing stm32f3xx_ll_utils.o(.text.LL_RCC_HSE_IsReady), (16 bytes).
    Removing stm32f3xx_ll_utils.o(.ARM.exidx.text.LL_RCC_HSE_IsReady), (8 bytes).
    Removing stm32f3xx_ll_utils.o(.text.LL_RCC_HSE_EnableBypass), (18 bytes).
    Removing stm32f3xx_ll_utils.o(.ARM.exidx.text.LL_RCC_HSE_EnableBypass), (8 bytes).
    Removing stm32f3xx_ll_utils.o(.text.LL_RCC_HSE_DisableBypass), (18 bytes).
    Removing stm32f3xx_ll_utils.o(.ARM.exidx.text.LL_RCC_HSE_DisableBypass), (8 bytes).
    Removing stm32f3xx_ll_utils.o(.text.LL_RCC_HSE_Enable), (18 bytes).
    Removing stm32f3xx_ll_utils.o(.ARM.exidx.text.LL_RCC_HSE_Enable), (8 bytes).
    Removing stm32f3xx_ll_utils.o(.text.LL_RCC_PLL_IsReady), (16 bytes).
    Removing stm32f3xx_ll_utils.o(.ARM.exidx.text.LL_RCC_PLL_IsReady), (8 bytes).
    Removing stm32f3xx_ll_utils.o(.text.LL_RCC_GetAHBPrescaler), (16 bytes).
    Removing stm32f3xx_ll_utils.o(.ARM.exidx.text.LL_RCC_GetAHBPrescaler), (8 bytes).
    Removing stm32f3xx_ll_utils.o(.text.LL_RCC_PLL_Enable), (18 bytes).
    Removing stm32f3xx_ll_utils.o(.ARM.exidx.text.LL_RCC_PLL_Enable), (8 bytes).
    Removing stm32f3xx_ll_utils.o(.text.LL_RCC_SetAHBPrescaler), (28 bytes).
    Removing stm32f3xx_ll_utils.o(.ARM.exidx.text.LL_RCC_SetAHBPrescaler), (8 bytes).
    Removing stm32f3xx_ll_utils.o(.text.LL_RCC_SetSysClkSource), (28 bytes).
    Removing stm32f3xx_ll_utils.o(.ARM.exidx.text.LL_RCC_SetSysClkSource), (8 bytes).
    Removing stm32f3xx_ll_utils.o(.text.LL_RCC_GetSysClkSource), (16 bytes).
    Removing stm32f3xx_ll_utils.o(.ARM.exidx.text.LL_RCC_GetSysClkSource), (8 bytes).
    Removing stm32f3xx_ll_utils.o(.text.LL_RCC_SetAPB1Prescaler), (28 bytes).
    Removing stm32f3xx_ll_utils.o(.ARM.exidx.text.LL_RCC_SetAPB1Prescaler), (8 bytes).
    Removing stm32f3xx_ll_utils.o(.text.LL_RCC_SetAPB2Prescaler), (28 bytes).
    Removing stm32f3xx_ll_utils.o(.ARM.exidx.text.LL_RCC_SetAPB2Prescaler), (8 bytes).
    Removing stm32f3xx_ll_gpio.o(.text), (0 bytes).
    Removing stm32f3xx_ll_gpio.o(.text.LL_GPIO_DeInit), (200 bytes).
    Removing stm32f3xx_ll_gpio.o(.ARM.exidx.text.LL_GPIO_DeInit), (8 bytes).
    Removing stm32f3xx_ll_gpio.o(.text.LL_AHB1_GRP1_ForceReset), (24 bytes).
    Removing stm32f3xx_ll_gpio.o(.ARM.exidx.text.LL_AHB1_GRP1_ForceReset), (8 bytes).
    Removing stm32f3xx_ll_gpio.o(.text.LL_AHB1_GRP1_ReleaseReset), (24 bytes).
    Removing stm32f3xx_ll_gpio.o(.ARM.exidx.text.LL_AHB1_GRP1_ReleaseReset), (8 bytes).
    Removing stm32f3xx_ll_gpio.o(.ARM.exidx.text.LL_GPIO_Init), (8 bytes).
    Removing stm32f3xx_ll_gpio.o(.ARM.exidx.text.LL_GPIO_SetPinSpeed), (8 bytes).
    Removing stm32f3xx_ll_gpio.o(.ARM.exidx.text.LL_GPIO_SetPinOutputType), (8 bytes).
    Removing stm32f3xx_ll_gpio.o(.ARM.exidx.text.LL_GPIO_SetPinPull), (8 bytes).
    Removing stm32f3xx_ll_gpio.o(.ARM.exidx.text.LL_GPIO_SetAFPin_0_7), (8 bytes).
    Removing stm32f3xx_ll_gpio.o(.ARM.exidx.text.LL_GPIO_SetAFPin_8_15), (8 bytes).
    Removing stm32f3xx_ll_gpio.o(.ARM.exidx.text.LL_GPIO_SetPinMode), (8 bytes).
    Removing stm32f3xx_ll_gpio.o(.ARM.exidx.text.LL_GPIO_StructInit), (8 bytes).
    Removing stm32f3xx_ll_rcc.o(.text), (0 bytes).
    Removing stm32f3xx_ll_rcc.o(.text.LL_RCC_DeInit), (182 bytes).
    Removing stm32f3xx_ll_rcc.o(.ARM.exidx.text.LL_RCC_DeInit), (8 bytes).
    Removing stm32f3xx_ll_rcc.o(.text.LL_RCC_HSI_Enable), (18 bytes).
    Removing stm32f3xx_ll_rcc.o(.ARM.exidx.text.LL_RCC_HSI_Enable), (8 bytes).
    Removing stm32f3xx_ll_rcc.o(.ARM.exidx.text.LL_RCC_HSI_IsReady), (8 bytes).
    Removing stm32f3xx_ll_rcc.o(.text.LL_RCC_HSI_SetCalibTrimming), (30 bytes).
    Removing stm32f3xx_ll_rcc.o(.ARM.exidx.text.LL_RCC_HSI_SetCalibTrimming), (8 bytes).
    Removing stm32f3xx_ll_rcc.o(.ARM.exidx.text.LL_RCC_GetSysClkSource), (8 bytes).
    Removing stm32f3xx_ll_rcc.o(.text.LL_RCC_PLL_IsReady), (16 bytes).
    Removing stm32f3xx_ll_rcc.o(.ARM.exidx.text.LL_RCC_PLL_IsReady), (8 bytes).
    Removing stm32f3xx_ll_rcc.o(.text.LL_RCC_HSE_DisableBypass), (18 bytes).
    Removing stm32f3xx_ll_rcc.o(.ARM.exidx.text.LL_RCC_HSE_DisableBypass), (8 bytes).
    Removing stm32f3xx_ll_rcc.o(.text.LL_RCC_ClearResetFlags), (18 bytes).
    Removing stm32f3xx_ll_rcc.o(.ARM.exidx.text.LL_RCC_ClearResetFlags), (8 bytes).
    Removing stm32f3xx_ll_rcc.o(.ARM.exidx.text.LL_RCC_GetSystemClocksFreq), (8 bytes).
    Removing stm32f3xx_ll_rcc.o(.ARM.exidx.text.RCC_GetSystemClockFreq), (8 bytes).
    Removing stm32f3xx_ll_rcc.o(.ARM.exidx.text.RCC_GetHCLKClockFreq), (8 bytes).
    Removing stm32f3xx_ll_rcc.o(.ARM.exidx.text.RCC_GetPCLK1ClockFreq), (8 bytes).
    Removing stm32f3xx_ll_rcc.o(.ARM.exidx.text.RCC_GetPCLK2ClockFreq), (8 bytes).
    Removing stm32f3xx_ll_rcc.o(.ARM.exidx.text.LL_RCC_GetUSARTClockFreq), (8 bytes).
    Removing stm32f3xx_ll_rcc.o(.ARM.exidx.text.LL_RCC_GetUSARTClockSource), (8 bytes).
    Removing stm32f3xx_ll_rcc.o(.ARM.exidx.text.LL_RCC_LSE_IsReady), (8 bytes).
    Removing stm32f3xx_ll_rcc.o(.text.LL_RCC_GetI2CClockFreq), (90 bytes).
    Removing stm32f3xx_ll_rcc.o(.ARM.exidx.text.LL_RCC_GetI2CClockFreq), (8 bytes).
    Removing stm32f3xx_ll_rcc.o(.text.LL_RCC_GetI2CClockSource), (26 bytes).
    Removing stm32f3xx_ll_rcc.o(.ARM.exidx.text.LL_RCC_GetI2CClockSource), (8 bytes).
    Removing stm32f3xx_ll_rcc.o(.text.LL_RCC_GetADCClockFreq), (134 bytes).
    Removing stm32f3xx_ll_rcc.o(.ARM.exidx.text.LL_RCC_GetADCClockFreq), (8 bytes).
    Removing stm32f3xx_ll_rcc.o(.text.LL_RCC_GetADCClockSource), (22 bytes).
    Removing stm32f3xx_ll_rcc.o(.ARM.exidx.text.LL_RCC_GetADCClockSource), (8 bytes).
    Removing stm32f3xx_ll_rcc.o(.text.LL_RCC_GetTIMClockFreq), (58 bytes).
    Removing stm32f3xx_ll_rcc.o(.ARM.exidx.text.LL_RCC_GetTIMClockFreq), (8 bytes).
    Removing stm32f3xx_ll_rcc.o(.text.LL_RCC_GetTIMClockSource), (32 bytes).
    Removing stm32f3xx_ll_rcc.o(.ARM.exidx.text.LL_RCC_GetTIMClockSource), (8 bytes).
    Removing stm32f3xx_ll_rcc.o(.ARM.exidx.text.RCC_PLL_GetFreqDomain_SYS), (8 bytes).
    Removing stm32f3xx_ll_rcc.o(.text.LL_RCC_GetHRTIMClockFreq), (52 bytes).
    Removing stm32f3xx_ll_rcc.o(.ARM.exidx.text.LL_RCC_GetHRTIMClockFreq), (8 bytes).
    Removing stm32f3xx_ll_rcc.o(.text.LL_RCC_GetHRTIMClockSource), (22 bytes).
    Removing stm32f3xx_ll_rcc.o(.ARM.exidx.text.LL_RCC_GetHRTIMClockSource), (8 bytes).
    Removing stm32f3xx_ll_rcc.o(.ARM.exidx.text.LL_RCC_GetAHBPrescaler), (8 bytes).
    Removing stm32f3xx_ll_rcc.o(.ARM.exidx.text.LL_RCC_GetAPB1Prescaler), (8 bytes).
    Removing stm32f3xx_ll_rcc.o(.ARM.exidx.text.LL_RCC_GetAPB2Prescaler), (8 bytes).
    Removing stm32f3xx_ll_rcc.o(.ARM.exidx.text.LL_RCC_PLL_GetMainSource), (8 bytes).
    Removing stm32f3xx_ll_rcc.o(.ARM.exidx.text.LL_RCC_PLL_GetPrediv), (8 bytes).
    Removing stm32f3xx_ll_rcc.o(.ARM.exidx.text.LL_RCC_PLL_GetMultiplicator), (8 bytes).
    Removing stm32f3xx_ll_rcc.o(.rodata.aADCPrescTable), (32 bytes).
    Removing stm32f3xx_ll_usart.o(.text), (0 bytes).
    Removing stm32f3xx_ll_usart.o(.text.LL_USART_DeInit), (134 bytes).
    Removing stm32f3xx_ll_usart.o(.ARM.exidx.text.LL_USART_DeInit), (8 bytes).
    Removing stm32f3xx_ll_usart.o(.text.LL_APB2_GRP1_ForceReset), (24 bytes).
    Removing stm32f3xx_ll_usart.o(.ARM.exidx.text.LL_APB2_GRP1_ForceReset), (8 bytes).
    Removing stm32f3xx_ll_usart.o(.text.LL_APB2_GRP1_ReleaseReset), (24 bytes).
    Removing stm32f3xx_ll_usart.o(.ARM.exidx.text.LL_APB2_GRP1_ReleaseReset), (8 bytes).
    Removing stm32f3xx_ll_usart.o(.text.LL_APB1_GRP1_ForceReset), (24 bytes).
    Removing stm32f3xx_ll_usart.o(.ARM.exidx.text.LL_APB1_GRP1_ForceReset), (8 bytes).
    Removing stm32f3xx_ll_usart.o(.text.LL_APB1_GRP1_ReleaseReset), (24 bytes).
    Removing stm32f3xx_ll_usart.o(.ARM.exidx.text.LL_APB1_GRP1_ReleaseReset), (8 bytes).
    Removing stm32f3xx_ll_usart.o(.ARM.exidx.text.LL_USART_Init), (8 bytes).
    Removing stm32f3xx_ll_usart.o(.ARM.exidx.text.LL_USART_IsEnabled), (8 bytes).
    Removing stm32f3xx_ll_usart.o(.ARM.exidx.text.LL_USART_SetStopBitsLength), (8 bytes).
    Removing stm32f3xx_ll_usart.o(.ARM.exidx.text.LL_USART_SetHWFlowCtrl), (8 bytes).
    Removing stm32f3xx_ll_usart.o(.ARM.exidx.text.LL_USART_SetBaudRate), (8 bytes).
    Removing stm32f3xx_ll_usart.o(.ARM.exidx.text.LL_USART_StructInit), (8 bytes).
    Removing stm32f3xx_ll_usart.o(.text.LL_USART_ClockInit), (90 bytes).
    Removing stm32f3xx_ll_usart.o(.ARM.exidx.text.LL_USART_ClockInit), (8 bytes).
    Removing stm32f3xx_ll_usart.o(.text.LL_USART_DisableSCLKOutput), (18 bytes).
    Removing stm32f3xx_ll_usart.o(.ARM.exidx.text.LL_USART_DisableSCLKOutput), (8 bytes).
    Removing stm32f3xx_ll_usart.o(.text.LL_USART_ClockStructInit), (26 bytes).
    Removing stm32f3xx_ll_usart.o(.ARM.exidx.text.LL_USART_ClockStructInit), (8 bytes).
    Removing stm32f3xx_ll_tim.o(.text), (0 bytes).
    Removing stm32f3xx_ll_tim.o(.text.LL_TIM_DeInit), (300 bytes).
    Removing stm32f3xx_ll_tim.o(.ARM.exidx.text.LL_TIM_DeInit), (8 bytes).
    Removing stm32f3xx_ll_tim.o(.text.LL_APB1_GRP1_ForceReset), (24 bytes).
    Removing stm32f3xx_ll_tim.o(.ARM.exidx.text.LL_APB1_GRP1_ForceReset), (8 bytes).
    Removing stm32f3xx_ll_tim.o(.text.LL_APB1_GRP1_ReleaseReset), (24 bytes).
    Removing stm32f3xx_ll_tim.o(.ARM.exidx.text.LL_APB1_GRP1_ReleaseReset), (8 bytes).
    Removing stm32f3xx_ll_tim.o(.text.LL_APB2_GRP1_ForceReset), (24 bytes).
    Removing stm32f3xx_ll_tim.o(.ARM.exidx.text.LL_APB2_GRP1_ForceReset), (8 bytes).
    Removing stm32f3xx_ll_tim.o(.text.LL_APB2_GRP1_ReleaseReset), (24 bytes).
    Removing stm32f3xx_ll_tim.o(.ARM.exidx.text.LL_APB2_GRP1_ReleaseReset), (8 bytes).
    Removing stm32f3xx_ll_tim.o(.ARM.exidx.text.LL_TIM_StructInit), (8 bytes).
    Removing stm32f3xx_ll_tim.o(.ARM.exidx.text.LL_TIM_Init), (8 bytes).
    Removing stm32f3xx_ll_tim.o(.ARM.exidx.text.LL_TIM_SetAutoReload), (8 bytes).
    Removing stm32f3xx_ll_tim.o(.ARM.exidx.text.LL_TIM_SetPrescaler), (8 bytes).
    Removing stm32f3xx_ll_tim.o(.ARM.exidx.text.LL_TIM_SetRepetitionCounter), (8 bytes).
    Removing stm32f3xx_ll_tim.o(.ARM.exidx.text.LL_TIM_GenerateEvent_UPDATE), (8 bytes).
    Removing stm32f3xx_ll_tim.o(.text.LL_TIM_OC_StructInit), (42 bytes).
    Removing stm32f3xx_ll_tim.o(.ARM.exidx.text.LL_TIM_OC_StructInit), (8 bytes).
    Removing stm32f3xx_ll_tim.o(.text.LL_TIM_OC_Init), (168 bytes).
    Removing stm32f3xx_ll_tim.o(.ARM.exidx.text.LL_TIM_OC_Init), (8 bytes).
    Removing stm32f3xx_ll_tim.o(.text.OC1Config), (254 bytes).
    Removing stm32f3xx_ll_tim.o(.ARM.exidx.text.OC1Config), (8 bytes).
    Removing stm32f3xx_ll_tim.o(.text.OC2Config), (262 bytes).
    Removing stm32f3xx_ll_tim.o(.ARM.exidx.text.OC2Config), (8 bytes).
    Removing stm32f3xx_ll_tim.o(.text.OC3Config), (260 bytes).
    Removing stm32f3xx_ll_tim.o(.ARM.exidx.text.OC3Config), (8 bytes).
    Removing stm32f3xx_ll_tim.o(.text.OC4Config), (214 bytes).
    Removing stm32f3xx_ll_tim.o(.ARM.exidx.text.OC4Config), (8 bytes).
    Removing stm32f3xx_ll_tim.o(.text.OC5Config), (196 bytes).
    Removing stm32f3xx_ll_tim.o(.ARM.exidx.text.OC5Config), (8 bytes).
    Removing stm32f3xx_ll_tim.o(.text.OC6Config), (198 bytes).
    Removing stm32f3xx_ll_tim.o(.ARM.exidx.text.OC6Config), (8 bytes).
    Removing stm32f3xx_ll_tim.o(.text.LL_TIM_IC_StructInit), (30 bytes).
    Removing stm32f3xx_ll_tim.o(.ARM.exidx.text.LL_TIM_IC_StructInit), (8 bytes).
    Removing stm32f3xx_ll_tim.o(.text.LL_TIM_IC_Init), (120 bytes).
    Removing stm32f3xx_ll_tim.o(.ARM.exidx.text.LL_TIM_IC_Init), (8 bytes).
    Removing stm32f3xx_ll_tim.o(.text.IC1Config), (72 bytes).
    Removing stm32f3xx_ll_tim.o(.ARM.exidx.text.IC1Config), (8 bytes).
    Removing stm32f3xx_ll_tim.o(.text.IC2Config), (74 bytes).
    Removing stm32f3xx_ll_tim.o(.ARM.exidx.text.IC2Config), (8 bytes).
    Removing stm32f3xx_ll_tim.o(.text.IC3Config), (74 bytes).
    Removing stm32f3xx_ll_tim.o(.ARM.exidx.text.IC3Config), (8 bytes).
    Removing stm32f3xx_ll_tim.o(.text.IC4Config), (74 bytes).
    Removing stm32f3xx_ll_tim.o(.ARM.exidx.text.IC4Config), (8 bytes).
    Removing stm32f3xx_ll_tim.o(.text.LL_TIM_ENCODER_StructInit), (52 bytes).
    Removing stm32f3xx_ll_tim.o(.ARM.exidx.text.LL_TIM_ENCODER_StructInit), (8 bytes).
    Removing stm32f3xx_ll_tim.o(.text.LL_TIM_ENCODER_Init), (178 bytes).
    Removing stm32f3xx_ll_tim.o(.ARM.exidx.text.LL_TIM_ENCODER_Init), (8 bytes).
    Removing stm32f3xx_ll_tim.o(.text.LL_TIM_SetEncoderMode), (32 bytes).
    Removing stm32f3xx_ll_tim.o(.ARM.exidx.text.LL_TIM_SetEncoderMode), (8 bytes).
    Removing stm32f3xx_ll_tim.o(.text.LL_TIM_HALLSENSOR_StructInit), (26 bytes).
    Removing stm32f3xx_ll_tim.o(.ARM.exidx.text.LL_TIM_HALLSENSOR_StructInit), (8 bytes).
    Removing stm32f3xx_ll_tim.o(.text.LL_TIM_HALLSENSOR_Init), (212 bytes).
    Removing stm32f3xx_ll_tim.o(.ARM.exidx.text.LL_TIM_HALLSENSOR_Init), (8 bytes).
    Removing stm32f3xx_ll_tim.o(.text.LL_TIM_OC_SetCompareCH2), (16 bytes).
    Removing stm32f3xx_ll_tim.o(.ARM.exidx.text.LL_TIM_OC_SetCompareCH2), (8 bytes).
    Removing stm32f3xx_ll_tim.o(.text.LL_TIM_BDTR_StructInit), (54 bytes).
    Removing stm32f3xx_ll_tim.o(.ARM.exidx.text.LL_TIM_BDTR_StructInit), (8 bytes).
    Removing stm32f3xx_ll_tim.o(.text.LL_TIM_BDTR_Init), (220 bytes).
    Removing stm32f3xx_ll_tim.o(.ARM.exidx.text.LL_TIM_BDTR_Init), (8 bytes).
    Removing stm32f3xx_ll_tim.o(.text.LL_TIM_OC_SetCompareCH1), (16 bytes).
    Removing stm32f3xx_ll_tim.o(.ARM.exidx.text.LL_TIM_OC_SetCompareCH1), (8 bytes).
    Removing stm32f3xx_ll_tim.o(.text.LL_TIM_OC_SetCompareCH3), (16 bytes).
    Removing stm32f3xx_ll_tim.o(.ARM.exidx.text.LL_TIM_OC_SetCompareCH3), (8 bytes).
    Removing stm32f3xx_ll_tim.o(.text.LL_TIM_OC_SetCompareCH4), (16 bytes).
    Removing stm32f3xx_ll_tim.o(.ARM.exidx.text.LL_TIM_OC_SetCompareCH4), (8 bytes).
    Removing stm32f3xx_ll_tim.o(.text.LL_TIM_OC_SetCompareCH5), (20 bytes).
    Removing stm32f3xx_ll_tim.o(.ARM.exidx.text.LL_TIM_OC_SetCompareCH5), (8 bytes).
    Removing stm32f3xx_ll_tim.o(.text.LL_TIM_OC_SetCompareCH6), (16 bytes).
    Removing stm32f3xx_ll_tim.o(.ARM.exidx.text.LL_TIM_OC_SetCompareCH6), (8 bytes).
    Removing stm32f3xx_ll_exti.o(.text), (0 bytes).
    Removing stm32f3xx_ll_exti.o(.text.LL_EXTI_DeInit), (142 bytes).
    Removing stm32f3xx_ll_exti.o(.ARM.exidx.text.LL_EXTI_DeInit), (8 bytes).
    Removing stm32f3xx_ll_exti.o(.ARM.exidx.text.LL_EXTI_Init), (8 bytes).
    Removing stm32f3xx_ll_exti.o(.ARM.exidx.text.LL_EXTI_DisableEvent_0_31), (8 bytes).
    Removing stm32f3xx_ll_exti.o(.ARM.exidx.text.LL_EXTI_EnableIT_0_31), (8 bytes).
    Removing stm32f3xx_ll_exti.o(.ARM.exidx.text.LL_EXTI_DisableIT_0_31), (8 bytes).
    Removing stm32f3xx_ll_exti.o(.ARM.exidx.text.LL_EXTI_EnableEvent_0_31), (8 bytes).
    Removing stm32f3xx_ll_exti.o(.ARM.exidx.text.LL_EXTI_DisableFallingTrig_0_31), (8 bytes).
    Removing stm32f3xx_ll_exti.o(.ARM.exidx.text.LL_EXTI_EnableRisingTrig_0_31), (8 bytes).
    Removing stm32f3xx_ll_exti.o(.ARM.exidx.text.LL_EXTI_DisableRisingTrig_0_31), (8 bytes).
    Removing stm32f3xx_ll_exti.o(.ARM.exidx.text.LL_EXTI_EnableFallingTrig_0_31), (8 bytes).
    Removing stm32f3xx_ll_exti.o(.ARM.exidx.text.LL_EXTI_DisableEvent_32_63), (8 bytes).
    Removing stm32f3xx_ll_exti.o(.ARM.exidx.text.LL_EXTI_EnableIT_32_63), (8 bytes).
    Removing stm32f3xx_ll_exti.o(.ARM.exidx.text.LL_EXTI_DisableIT_32_63), (8 bytes).
    Removing stm32f3xx_ll_exti.o(.ARM.exidx.text.LL_EXTI_EnableEvent_32_63), (8 bytes).
    Removing stm32f3xx_ll_exti.o(.ARM.exidx.text.LL_EXTI_DisableFallingTrig_32_63), (8 bytes).
    Removing stm32f3xx_ll_exti.o(.ARM.exidx.text.LL_EXTI_EnableRisingTrig_32_63), (8 bytes).
    Removing stm32f3xx_ll_exti.o(.ARM.exidx.text.LL_EXTI_DisableRisingTrig_32_63), (8 bytes).
    Removing stm32f3xx_ll_exti.o(.ARM.exidx.text.LL_EXTI_EnableFallingTrig_32_63), (8 bytes).
    Removing stm32f3xx_ll_exti.o(.text.LL_EXTI_StructInit), (32 bytes).
    Removing stm32f3xx_ll_exti.o(.ARM.exidx.text.LL_EXTI_StructInit), (8 bytes).
    Removing system_stm32f3xx.o(.text), (0 bytes).
    Removing system_stm32f3xx.o(.ARM.exidx.text.SystemInit), (8 bytes).
    Removing system_stm32f3xx.o(.text.SystemCoreClockUpdate), (272 bytes).
    Removing system_stm32f3xx.o(.ARM.exidx.text.SystemCoreClockUpdate), (8 bytes).
    Removing startup_stm32f334x8.o(HEAP), (512 bytes).

307 unused section(s) (total 9466 bytes) removed from the image.

==============================================================================

Image Symbol Table

    Local Symbols

    Symbol Name                              Value     Ov Type        Size  Object(Section)

    ../clib/microlib/init/entry.s            0x00000000   Number         0  entry.o ABSOLUTE
    ../clib/microlib/init/entry.s            0x00000000   Number         0  entry2.o ABSOLUTE
    ../clib/microlib/init/entry.s            0x00000000   Number         0  entry5.o ABSOLUTE
    ../clib/microlib/init/entry.s            0x00000000   Number         0  entry7a.o ABSOLUTE
    ../clib/microlib/init/entry.s            0x00000000   Number         0  entry7b.o ABSOLUTE
    ../clib/microlib/init/entry.s            0x00000000   Number         0  entry8a.o ABSOLUTE
    ../clib/microlib/init/entry.s            0x00000000   Number         0  entry8b.o ABSOLUTE
    ../clib/microlib/init/entry.s            0x00000000   Number         0  entry9a.o ABSOLUTE
    ../clib/microlib/init/entry.s            0x00000000   Number         0  entry9b.o ABSOLUTE
    ../clib/microlib/init/entry.s            0x00000000   Number         0  entry10a.o ABSOLUTE
    ../clib/microlib/init/entry.s            0x00000000   Number         0  entry10b.o ABSOLUTE
    ../clib/microlib/init/entry.s            0x00000000   Number         0  entry11a.o ABSOLUTE
    ../clib/microlib/init/entry.s            0x00000000   Number         0  entry11b.o ABSOLUTE
    ../clib/microlib/longlong.c              0x00000000   Number         0  llshl.o ABSOLUTE
    ../clib/microlib/longlong.c              0x00000000   Number         0  llsshr.o ABSOLUTE
    ../clib/microlib/longlong.c              0x00000000   Number         0  llushr.o ABSOLUTE
    ../clib/microlib/stubs.s                 0x00000000   Number         0  iusefp.o ABSOLUTE
    ../fplib/microlib/fpadd.c                0x00000000   Number         0  dadd.o ABSOLUTE
    ../fplib/microlib/fpcmp.c                0x00000000   Number         0  dcmple.o ABSOLUTE
    ../fplib/microlib/fpcmp.c                0x00000000   Number         0  dcmplt.o ABSOLUTE
    ../fplib/microlib/fpcmp.c                0x00000000   Number         0  dcmpge.o ABSOLUTE
    ../fplib/microlib/fpcmp.c                0x00000000   Number         0  dcmpgt.o ABSOLUTE
    ../fplib/microlib/fpdiv.c                0x00000000   Number         0  ddiv.o ABSOLUTE
    ../fplib/microlib/fpepilogue.c           0x00000000   Number         0  depilogue.o ABSOLUTE
    ../fplib/microlib/fpflt.c                0x00000000   Number         0  dflti.o ABSOLUTE
    ../fplib/microlib/fpmul.c                0x00000000   Number         0  dmul.o ABSOLUTE
    dc.s                                     0x00000000   Number         0  dc.o ABSOLUTE
    handlers.s                               0x00000000   Number         0  handlers.o ABSOLUTE
    init.s                                   0x00000000   Number         0  init.o ABSOLUTE
    main.c                                   0x00000000   Number         0  main.o ABSOLUTE
    startup_stm32f334x8.s                    0x00000000   Number         0  startup_stm32f334x8.o ABSOLUTE
    stm32f3xx_it.c                           0x00000000   Number         0  stm32f3xx_it.o ABSOLUTE
    stm32f3xx_ll_exti.c                      0x00000000   Number         0  stm32f3xx_ll_exti.o ABSOLUTE
    stm32f3xx_ll_gpio.c                      0x00000000   Number         0  stm32f3xx_ll_gpio.o ABSOLUTE
    stm32f3xx_ll_rcc.c                       0x00000000   Number         0  stm32f3xx_ll_rcc.o ABSOLUTE
    stm32f3xx_ll_tim.c                       0x00000000   Number         0  stm32f3xx_ll_tim.o ABSOLUTE
    stm32f3xx_ll_usart.c                     0x00000000   Number         0  stm32f3xx_ll_usart.o ABSOLUTE
    stm32f3xx_ll_utils.c                     0x00000000   Number         0  stm32f3xx_ll_utils.o ABSOLUTE
    system_stm32f3xx.c                       0x00000000   Number         0  system_stm32f3xx.o ABSOLUTE
    RESET                                    0x08000000   Section      392  startup_stm32f334x8.o(RESET)
    .ARM.Collect$$$$00000000                 0x08000188   Section        0  entry.o(.ARM.Collect$$$$00000000)
    .ARM.Collect$$$$00000001                 0x08000188   Section        4  entry2.o(.ARM.Collect$$$$00000001)
    .ARM.Collect$$$$00000004                 0x0800018c   Section        4  entry5.o(.ARM.Collect$$$$00000004)
    .ARM.Collect$$$$00000008                 0x08000190   Section        0  entry7b.o(.ARM.Collect$$$$00000008)
    .ARM.Collect$$$$0000000A                 0x08000190   Section        0  entry8b.o(.ARM.Collect$$$$0000000A)
    .ARM.Collect$$$$0000000B                 0x08000190   Section        8  entry9a.o(.ARM.Collect$$$$0000000B)
    __lit__00000000                          0x08000198   Data           4  entry2.o(.ARM.Collect$$$$00002712)
    .ARM.Collect$$$$0000000D                 0x08000198   Section        0  entry10a.o(.ARM.Collect$$$$0000000D)
    .ARM.Collect$$$$0000000F                 0x08000198   Section        0  entry11a.o(.ARM.Collect$$$$0000000F)
    .ARM.Collect$$$$00002712                 0x08000198   Section        4  entry2.o(.ARM.Collect$$$$00002712)
    $v0                                      0x0800019c   Number         0  startup_stm32f334x8.o(.text)
    .text                                    0x0800019c   Section       36  startup_stm32f334x8.o(.text)
    .text                                    0x080001c0   Section        0  dadd.o(.text)
    .text                                    0x0800030e   Section        0  dmul.o(.text)
    .text                                    0x080003f2   Section        0  ddiv.o(.text)
    .text                                    0x080004d0   Section        0  dcmple.o(.text)
    .text                                    0x08000506   Section        0  dcmplt.o(.text)
    .text                                    0x0800053c   Section        0  dcmpge.o(.text)
    .text                                    0x08000572   Section        0  dcmpgt.o(.text)
    .text                                    0x080005a8   Section        0  dflti.o(.text)
    .text                                    0x080005ca   Section        0  llshl.o(.text)
    .text                                    0x080005e8   Section        0  llsshr.o(.text)
    .text                                    0x0800060c   Section        0  iusefp.o(.text)
    .text                                    0x0800060c   Section        0  depilogue.o(.text)
    .text                                    0x080006c8   Section       36  init.o(.text)
    .text                                    0x080006ec   Section        0  llushr.o(.text)
    [Anonymous Symbol]                       0x0800070c   Section        0  stm32f3xx_it.o(.text.BusFault_Handler)
    [Anonymous Symbol]                       0x08000710   Section        0  main.o(.text.Check_Direction)
    [Anonymous Symbol]                       0x08000948   Section        0  stm32f3xx_it.o(.text.DebugMon_Handler)
    [Anonymous Symbol]                       0x0800094c   Section        0  main.o(.text.EXTI3_IRQHandler)
    [Anonymous Symbol]                       0x0800095c   Section        0  main.o(.text.EXTI4_IRQHandler)
    [Anonymous Symbol]                       0x0800096c   Section        0  stm32f3xx_it.o(.text.HardFault_Handler)
    LL_AHB1_GRP1_EnableClock                 0x08000971   Thumb Code    34  main.o(.text.LL_AHB1_GRP1_EnableClock)
    [Anonymous Symbol]                       0x08000970   Section        0  main.o(.text.LL_AHB1_GRP1_EnableClock)
    LL_APB1_GRP1_EnableClock                 0x08000995   Thumb Code    34  main.o(.text.LL_APB1_GRP1_EnableClock)
    [Anonymous Symbol]                       0x08000994   Section        0  main.o(.text.LL_APB1_GRP1_EnableClock)
    LL_APB2_GRP1_EnableClock                 0x080009b9   Thumb Code    34  main.o(.text.LL_APB2_GRP1_EnableClock)
    [Anonymous Symbol]                       0x080009b8   Section        0  main.o(.text.LL_APB2_GRP1_EnableClock)
    LL_EXTI_ClearFlag_0_31                   0x080009dd   Thumb Code    20  main.o(.text.LL_EXTI_ClearFlag_0_31)
    [Anonymous Symbol]                       0x080009dc   Section        0  main.o(.text.LL_EXTI_ClearFlag_0_31)
    LL_EXTI_DisableEvent_0_31                0x080009f1   Thumb Code    24  stm32f3xx_ll_exti.o(.text.LL_EXTI_DisableEvent_0_31)
    [Anonymous Symbol]                       0x080009f0   Section        0  stm32f3xx_ll_exti.o(.text.LL_EXTI_DisableEvent_0_31)
    LL_EXTI_DisableEvent_32_63               0x08000a09   Thumb Code    24  stm32f3xx_ll_exti.o(.text.LL_EXTI_DisableEvent_32_63)
    [Anonymous Symbol]                       0x08000a08   Section        0  stm32f3xx_ll_exti.o(.text.LL_EXTI_DisableEvent_32_63)
    LL_EXTI_DisableFallingTrig_0_31          0x08000a21   Thumb Code    24  stm32f3xx_ll_exti.o(.text.LL_EXTI_DisableFallingTrig_0_31)
    [Anonymous Symbol]                       0x08000a20   Section        0  stm32f3xx_ll_exti.o(.text.LL_EXTI_DisableFallingTrig_0_31)
    LL_EXTI_DisableFallingTrig_32_63         0x08000a39   Thumb Code    24  stm32f3xx_ll_exti.o(.text.LL_EXTI_DisableFallingTrig_32_63)
    [Anonymous Symbol]                       0x08000a38   Section        0  stm32f3xx_ll_exti.o(.text.LL_EXTI_DisableFallingTrig_32_63)
    LL_EXTI_DisableIT_0_31                   0x08000a51   Thumb Code    24  stm32f3xx_ll_exti.o(.text.LL_EXTI_DisableIT_0_31)
    [Anonymous Symbol]                       0x08000a50   Section        0  stm32f3xx_ll_exti.o(.text.LL_EXTI_DisableIT_0_31)
    LL_EXTI_DisableIT_32_63                  0x08000a69   Thumb Code    24  stm32f3xx_ll_exti.o(.text.LL_EXTI_DisableIT_32_63)
    [Anonymous Symbol]                       0x08000a68   Section        0  stm32f3xx_ll_exti.o(.text.LL_EXTI_DisableIT_32_63)
    LL_EXTI_DisableRisingTrig_0_31           0x08000a81   Thumb Code    24  stm32f3xx_ll_exti.o(.text.LL_EXTI_DisableRisingTrig_0_31)
    [Anonymous Symbol]                       0x08000a80   Section        0  stm32f3xx_ll_exti.o(.text.LL_EXTI_DisableRisingTrig_0_31)
    LL_EXTI_DisableRisingTrig_32_63          0x08000a99   Thumb Code    24  stm32f3xx_ll_exti.o(.text.LL_EXTI_DisableRisingTrig_32_63)
    [Anonymous Symbol]                       0x08000a98   Section        0  stm32f3xx_ll_exti.o(.text.LL_EXTI_DisableRisingTrig_32_63)
    LL_EXTI_EnableEvent_0_31                 0x08000ab1   Thumb Code    24  stm32f3xx_ll_exti.o(.text.LL_EXTI_EnableEvent_0_31)
    [Anonymous Symbol]                       0x08000ab0   Section        0  stm32f3xx_ll_exti.o(.text.LL_EXTI_EnableEvent_0_31)
    LL_EXTI_EnableEvent_32_63                0x08000ac9   Thumb Code    24  stm32f3xx_ll_exti.o(.text.LL_EXTI_EnableEvent_32_63)
    [Anonymous Symbol]                       0x08000ac8   Section        0  stm32f3xx_ll_exti.o(.text.LL_EXTI_EnableEvent_32_63)
    LL_EXTI_EnableFallingTrig_0_31           0x08000ae1   Thumb Code    24  stm32f3xx_ll_exti.o(.text.LL_EXTI_EnableFallingTrig_0_31)
    [Anonymous Symbol]                       0x08000ae0   Section        0  stm32f3xx_ll_exti.o(.text.LL_EXTI_EnableFallingTrig_0_31)
    LL_EXTI_EnableFallingTrig_32_63          0x08000af9   Thumb Code    24  stm32f3xx_ll_exti.o(.text.LL_EXTI_EnableFallingTrig_32_63)
    [Anonymous Symbol]                       0x08000af8   Section        0  stm32f3xx_ll_exti.o(.text.LL_EXTI_EnableFallingTrig_32_63)
    LL_EXTI_EnableIT_0_31                    0x08000b11   Thumb Code    24  stm32f3xx_ll_exti.o(.text.LL_EXTI_EnableIT_0_31)
    [Anonymous Symbol]                       0x08000b10   Section        0  stm32f3xx_ll_exti.o(.text.LL_EXTI_EnableIT_0_31)
    LL_EXTI_EnableIT_32_63                   0x08000b29   Thumb Code    24  stm32f3xx_ll_exti.o(.text.LL_EXTI_EnableIT_32_63)
    [Anonymous Symbol]                       0x08000b28   Section        0  stm32f3xx_ll_exti.o(.text.LL_EXTI_EnableIT_32_63)
    LL_EXTI_EnableRisingTrig_0_31            0x08000b41   Thumb Code    24  stm32f3xx_ll_exti.o(.text.LL_EXTI_EnableRisingTrig_0_31)
    [Anonymous Symbol]                       0x08000b40   Section        0  stm32f3xx_ll_exti.o(.text.LL_EXTI_EnableRisingTrig_0_31)
    LL_EXTI_EnableRisingTrig_32_63           0x08000b59   Thumb Code    24  stm32f3xx_ll_exti.o(.text.LL_EXTI_EnableRisingTrig_32_63)
    [Anonymous Symbol]                       0x08000b58   Section        0  stm32f3xx_ll_exti.o(.text.LL_EXTI_EnableRisingTrig_32_63)
    [Anonymous Symbol]                       0x08000b70   Section        0  stm32f3xx_ll_exti.o(.text.LL_EXTI_Init)
    LL_FLASH_SetLatency                      0x08000d4d   Thumb Code    28  main.o(.text.LL_FLASH_SetLatency)
    [Anonymous Symbol]                       0x08000d4c   Section        0  main.o(.text.LL_FLASH_SetLatency)
    [Anonymous Symbol]                       0x08000d68   Section        0  stm32f3xx_ll_gpio.o(.text.LL_GPIO_Init)
    LL_GPIO_IsInputPinSet                    0x08000e6d   Thumb Code    26  main.o(.text.LL_GPIO_IsInputPinSet)
    [Anonymous Symbol]                       0x08000e6c   Section        0  main.o(.text.LL_GPIO_IsInputPinSet)
    LL_GPIO_ResetOutputPin                   0x08000e89   Thumb Code    16  main.o(.text.LL_GPIO_ResetOutputPin)
    [Anonymous Symbol]                       0x08000e88   Section        0  main.o(.text.LL_GPIO_ResetOutputPin)
    LL_GPIO_SetAFPin_0_7                     0x08000e99   Thumb Code   124  stm32f3xx_ll_gpio.o(.text.LL_GPIO_SetAFPin_0_7)
    [Anonymous Symbol]                       0x08000e98   Section        0  stm32f3xx_ll_gpio.o(.text.LL_GPIO_SetAFPin_0_7)
    LL_GPIO_SetAFPin_8_15                    0x08000f15   Thumb Code   128  stm32f3xx_ll_gpio.o(.text.LL_GPIO_SetAFPin_8_15)
    [Anonymous Symbol]                       0x08000f14   Section        0  stm32f3xx_ll_gpio.o(.text.LL_GPIO_SetAFPin_8_15)
    LL_GPIO_SetOutputPin                     0x08000f95   Thumb Code    16  main.o(.text.LL_GPIO_SetOutputPin)
    [Anonymous Symbol]                       0x08000f94   Section        0  main.o(.text.LL_GPIO_SetOutputPin)
    LL_GPIO_SetPinMode                       0x08000fa5   Thumb Code   124  stm32f3xx_ll_gpio.o(.text.LL_GPIO_SetPinMode)
    [Anonymous Symbol]                       0x08000fa4   Section        0  stm32f3xx_ll_gpio.o(.text.LL_GPIO_SetPinMode)
    LL_GPIO_SetPinOutputType                 0x08001021   Thumb Code    30  stm32f3xx_ll_gpio.o(.text.LL_GPIO_SetPinOutputType)
    [Anonymous Symbol]                       0x08001020   Section        0  stm32f3xx_ll_gpio.o(.text.LL_GPIO_SetPinOutputType)
    LL_GPIO_SetPinPull                       0x08001041   Thumb Code   124  stm32f3xx_ll_gpio.o(.text.LL_GPIO_SetPinPull)
    [Anonymous Symbol]                       0x08001040   Section        0  stm32f3xx_ll_gpio.o(.text.LL_GPIO_SetPinPull)
    LL_GPIO_SetPinSpeed                      0x080010bd   Thumb Code   124  stm32f3xx_ll_gpio.o(.text.LL_GPIO_SetPinSpeed)
    [Anonymous Symbol]                       0x080010bc   Section        0  stm32f3xx_ll_gpio.o(.text.LL_GPIO_SetPinSpeed)
    [Anonymous Symbol]                       0x08001138   Section        0  stm32f3xx_ll_gpio.o(.text.LL_GPIO_StructInit)
    [Anonymous Symbol]                       0x08001160   Section        0  stm32f3xx_ll_utils.o(.text.LL_Init1msTick)
    LL_InitTick                              0x08001175   Thumb Code    54  stm32f3xx_ll_utils.o(.text.LL_InitTick)
    [Anonymous Symbol]                       0x08001174   Section        0  stm32f3xx_ll_utils.o(.text.LL_InitTick)
    LL_RCC_GetAHBPrescaler                   0x080011ad   Thumb Code    16  stm32f3xx_ll_rcc.o(.text.LL_RCC_GetAHBPrescaler)
    [Anonymous Symbol]                       0x080011ac   Section        0  stm32f3xx_ll_rcc.o(.text.LL_RCC_GetAHBPrescaler)
    LL_RCC_GetAPB1Prescaler                  0x080011bd   Thumb Code    16  stm32f3xx_ll_rcc.o(.text.LL_RCC_GetAPB1Prescaler)
    [Anonymous Symbol]                       0x080011bc   Section        0  stm32f3xx_ll_rcc.o(.text.LL_RCC_GetAPB1Prescaler)
    LL_RCC_GetAPB2Prescaler                  0x080011cd   Thumb Code    16  stm32f3xx_ll_rcc.o(.text.LL_RCC_GetAPB2Prescaler)
    [Anonymous Symbol]                       0x080011cc   Section        0  stm32f3xx_ll_rcc.o(.text.LL_RCC_GetAPB2Prescaler)
    LL_RCC_GetSysClkSource                   0x080011dd   Thumb Code    16  main.o(.text.LL_RCC_GetSysClkSource)
    [Anonymous Symbol]                       0x080011dc   Section        0  main.o(.text.LL_RCC_GetSysClkSource)
    LL_RCC_GetSysClkSource                   0x080011ed   Thumb Code    16  stm32f3xx_ll_rcc.o(.text.LL_RCC_GetSysClkSource)
    [Anonymous Symbol]                       0x080011ec   Section        0  stm32f3xx_ll_rcc.o(.text.LL_RCC_GetSysClkSource)
    [Anonymous Symbol]                       0x080011fc   Section        0  stm32f3xx_ll_rcc.o(.text.LL_RCC_GetSystemClocksFreq)
    [Anonymous Symbol]                       0x08001234   Section        0  stm32f3xx_ll_rcc.o(.text.LL_RCC_GetUSARTClockFreq)
    LL_RCC_GetUSARTClockSource               0x080012a9   Thumb Code    30  stm32f3xx_ll_rcc.o(.text.LL_RCC_GetUSARTClockSource)
    [Anonymous Symbol]                       0x080012a8   Section        0  stm32f3xx_ll_rcc.o(.text.LL_RCC_GetUSARTClockSource)
    LL_RCC_HSI_Enable                        0x080012c9   Thumb Code    18  main.o(.text.LL_RCC_HSI_Enable)
    [Anonymous Symbol]                       0x080012c8   Section        0  main.o(.text.LL_RCC_HSI_Enable)
    LL_RCC_HSI_IsReady                       0x080012dd   Thumb Code    16  main.o(.text.LL_RCC_HSI_IsReady)
    [Anonymous Symbol]                       0x080012dc   Section        0  main.o(.text.LL_RCC_HSI_IsReady)
    LL_RCC_HSI_IsReady                       0x080012ed   Thumb Code    16  stm32f3xx_ll_rcc.o(.text.LL_RCC_HSI_IsReady)
    [Anonymous Symbol]                       0x080012ec   Section        0  stm32f3xx_ll_rcc.o(.text.LL_RCC_HSI_IsReady)
    LL_RCC_LSE_IsReady                       0x080012fd   Thumb Code    16  stm32f3xx_ll_rcc.o(.text.LL_RCC_LSE_IsReady)
    [Anonymous Symbol]                       0x080012fc   Section        0  stm32f3xx_ll_rcc.o(.text.LL_RCC_LSE_IsReady)
    LL_RCC_PLL_ConfigDomain_SYS              0x0800130d   Thumb Code    56  main.o(.text.LL_RCC_PLL_ConfigDomain_SYS)
    [Anonymous Symbol]                       0x0800130c   Section        0  main.o(.text.LL_RCC_PLL_ConfigDomain_SYS)
    LL_RCC_PLL_Enable                        0x08001345   Thumb Code    18  main.o(.text.LL_RCC_PLL_Enable)
    [Anonymous Symbol]                       0x08001344   Section        0  main.o(.text.LL_RCC_PLL_Enable)
    LL_RCC_PLL_GetMainSource                 0x08001359   Thumb Code    16  stm32f3xx_ll_rcc.o(.text.LL_RCC_PLL_GetMainSource)
    [Anonymous Symbol]                       0x08001358   Section        0  stm32f3xx_ll_rcc.o(.text.LL_RCC_PLL_GetMainSource)
    LL_RCC_PLL_GetMultiplicator              0x08001369   Thumb Code    16  stm32f3xx_ll_rcc.o(.text.LL_RCC_PLL_GetMultiplicator)
    [Anonymous Symbol]                       0x08001368   Section        0  stm32f3xx_ll_rcc.o(.text.LL_RCC_PLL_GetMultiplicator)
    LL_RCC_PLL_GetPrediv                     0x08001379   Thumb Code    16  stm32f3xx_ll_rcc.o(.text.LL_RCC_PLL_GetPrediv)
    [Anonymous Symbol]                       0x08001378   Section        0  stm32f3xx_ll_rcc.o(.text.LL_RCC_PLL_GetPrediv)
    LL_RCC_PLL_IsReady                       0x08001389   Thumb Code    16  main.o(.text.LL_RCC_PLL_IsReady)
    [Anonymous Symbol]                       0x08001388   Section        0  main.o(.text.LL_RCC_PLL_IsReady)
    LL_RCC_SetAHBPrescaler                   0x08001399   Thumb Code    28  main.o(.text.LL_RCC_SetAHBPrescaler)
    [Anonymous Symbol]                       0x08001398   Section        0  main.o(.text.LL_RCC_SetAHBPrescaler)
    LL_RCC_SetAPB1Prescaler                  0x080013b5   Thumb Code    28  main.o(.text.LL_RCC_SetAPB1Prescaler)
    [Anonymous Symbol]                       0x080013b4   Section        0  main.o(.text.LL_RCC_SetAPB1Prescaler)
    LL_RCC_SetAPB2Prescaler                  0x080013d1   Thumb Code    28  main.o(.text.LL_RCC_SetAPB2Prescaler)
    [Anonymous Symbol]                       0x080013d0   Section        0  main.o(.text.LL_RCC_SetAPB2Prescaler)
    LL_RCC_SetSysClkSource                   0x080013ed   Thumb Code    28  main.o(.text.LL_RCC_SetSysClkSource)
    [Anonymous Symbol]                       0x080013ec   Section        0  main.o(.text.LL_RCC_SetSysClkSource)
    LL_SYSCFG_SetEXTISource                  0x08001409   Thumb Code    96  main.o(.text.LL_SYSCFG_SetEXTISource)
    [Anonymous Symbol]                       0x08001408   Section        0  main.o(.text.LL_SYSCFG_SetEXTISource)
    [Anonymous Symbol]                       0x08001468   Section        0  stm32f3xx_ll_utils.o(.text.LL_SetSystemCoreClock)
    LL_TIM_ClearFlag_UPDATE                  0x0800147d   Thumb Code    16  main.o(.text.LL_TIM_ClearFlag_UPDATE)
    [Anonymous Symbol]                       0x0800147c   Section        0  main.o(.text.LL_TIM_ClearFlag_UPDATE)
    LL_TIM_EnableCounter                     0x0800148d   Thumb Code    18  main.o(.text.LL_TIM_EnableCounter)
    [Anonymous Symbol]                       0x0800148c   Section        0  main.o(.text.LL_TIM_EnableCounter)
    LL_TIM_EnableIT_UPDATE                   0x080014a1   Thumb Code    18  main.o(.text.LL_TIM_EnableIT_UPDATE)
    [Anonymous Symbol]                       0x080014a0   Section        0  main.o(.text.LL_TIM_EnableIT_UPDATE)
    LL_TIM_GenerateEvent_UPDATE              0x080014b5   Thumb Code    18  stm32f3xx_ll_tim.o(.text.LL_TIM_GenerateEvent_UPDATE)
    [Anonymous Symbol]                       0x080014b4   Section        0  stm32f3xx_ll_tim.o(.text.LL_TIM_GenerateEvent_UPDATE)
    LL_TIM_GetCounter                        0x080014c9   Thumb Code    12  main.o(.text.LL_TIM_GetCounter)
    [Anonymous Symbol]                       0x080014c8   Section        0  main.o(.text.LL_TIM_GetCounter)
    [Anonymous Symbol]                       0x080014d4   Section        0  stm32f3xx_ll_tim.o(.text.LL_TIM_Init)
    LL_TIM_IsActiveFlag_UPDATE               0x080015f9   Thumb Code    16  main.o(.text.LL_TIM_IsActiveFlag_UPDATE)
    [Anonymous Symbol]                       0x080015f8   Section        0  main.o(.text.LL_TIM_IsActiveFlag_UPDATE)
    LL_TIM_IsEnabledCounter                  0x08001609   Thumb Code    16  main.o(.text.LL_TIM_IsEnabledCounter)
    [Anonymous Symbol]                       0x08001608   Section        0  main.o(.text.LL_TIM_IsEnabledCounter)
    LL_TIM_SetAutoReload                     0x08001619   Thumb Code    16  stm32f3xx_ll_tim.o(.text.LL_TIM_SetAutoReload)
    [Anonymous Symbol]                       0x08001618   Section        0  stm32f3xx_ll_tim.o(.text.LL_TIM_SetAutoReload)
    LL_TIM_SetCounter                        0x08001629   Thumb Code    16  main.o(.text.LL_TIM_SetCounter)
    [Anonymous Symbol]                       0x08001628   Section        0  main.o(.text.LL_TIM_SetCounter)
    LL_TIM_SetPrescaler                      0x08001639   Thumb Code    16  stm32f3xx_ll_tim.o(.text.LL_TIM_SetPrescaler)
    [Anonymous Symbol]                       0x08001638   Section        0  stm32f3xx_ll_tim.o(.text.LL_TIM_SetPrescaler)
    LL_TIM_SetRepetitionCounter              0x08001649   Thumb Code    16  stm32f3xx_ll_tim.o(.text.LL_TIM_SetRepetitionCounter)
    [Anonymous Symbol]                       0x08001648   Section        0  stm32f3xx_ll_tim.o(.text.LL_TIM_SetRepetitionCounter)
    [Anonymous Symbol]                       0x08001658   Section        0  stm32f3xx_ll_tim.o(.text.LL_TIM_StructInit)
    LL_USART_Enable                          0x0800167d   Thumb Code    18  main.o(.text.LL_USART_Enable)
    [Anonymous Symbol]                       0x0800167c   Section        0  main.o(.text.LL_USART_Enable)
    LL_USART_EnableIT_RXNE                   0x08001691   Thumb Code    42  main.o(.text.LL_USART_EnableIT_RXNE)
    [Anonymous Symbol]                       0x08001690   Section        0  main.o(.text.LL_USART_EnableIT_RXNE)
    [Anonymous Symbol]                       0x080016bc   Section        0  stm32f3xx_ll_usart.o(.text.LL_USART_Init)
    LL_USART_IsEnabled                       0x0800179d   Thumb Code    16  stm32f3xx_ll_usart.o(.text.LL_USART_IsEnabled)
    [Anonymous Symbol]                       0x0800179c   Section        0  stm32f3xx_ll_usart.o(.text.LL_USART_IsEnabled)
    LL_USART_ReceiveData8                    0x080017ad   Thumb Code    14  main.o(.text.LL_USART_ReceiveData8)
    [Anonymous Symbol]                       0x080017ac   Section        0  main.o(.text.LL_USART_ReceiveData8)
    LL_USART_SetBaudRate                     0x080017bd   Thumb Code    94  stm32f3xx_ll_usart.o(.text.LL_USART_SetBaudRate)
    [Anonymous Symbol]                       0x080017bc   Section        0  stm32f3xx_ll_usart.o(.text.LL_USART_SetBaudRate)
    LL_USART_SetHWFlowCtrl                   0x0800181d   Thumb Code    26  stm32f3xx_ll_usart.o(.text.LL_USART_SetHWFlowCtrl)
    [Anonymous Symbol]                       0x0800181c   Section        0  stm32f3xx_ll_usart.o(.text.LL_USART_SetHWFlowCtrl)
    LL_USART_SetStopBitsLength               0x08001839   Thumb Code    26  stm32f3xx_ll_usart.o(.text.LL_USART_SetStopBitsLength)
    [Anonymous Symbol]                       0x08001838   Section        0  stm32f3xx_ll_usart.o(.text.LL_USART_SetStopBitsLength)
    [Anonymous Symbol]                       0x08001854   Section        0  stm32f3xx_ll_usart.o(.text.LL_USART_StructInit)
    [Anonymous Symbol]                       0x08001880   Section        0  stm32f3xx_it.o(.text.MemManage_Handler)
    [Anonymous Symbol]                       0x08001888   Section        0  main.o(.text.Move_Half)
    [Anonymous Symbol]                       0x080023d8   Section        0  stm32f3xx_it.o(.text.NMI_Handler)
    NVIC_EncodePriority                      0x080023dd   Thumb Code   108  main.o(.text.NVIC_EncodePriority)
    [Anonymous Symbol]                       0x080023dc   Section        0  main.o(.text.NVIC_EncodePriority)
    [Anonymous Symbol]                       0x08002448   Section        0  main.o(.text.Null_Position_Detection)
    [Anonymous Symbol]                       0x08002498   Section        0  stm32f3xx_it.o(.text.PendSV_Handler)
    [Anonymous Symbol]                       0x0800249c   Section        0  stm32f3xx_ll_rcc.o(.text.RCC_GetHCLKClockFreq)
    [Anonymous Symbol]                       0x080024c4   Section        0  stm32f3xx_ll_rcc.o(.text.RCC_GetPCLK1ClockFreq)
    [Anonymous Symbol]                       0x080024e8   Section        0  stm32f3xx_ll_rcc.o(.text.RCC_GetPCLK2ClockFreq)
    [Anonymous Symbol]                       0x0800250c   Section        0  stm32f3xx_ll_rcc.o(.text.RCC_GetSystemClockFreq)
    [Anonymous Symbol]                       0x08002564   Section        0  stm32f3xx_ll_rcc.o(.text.RCC_PLL_GetFreqDomain_SYS)
    [Anonymous Symbol]                       0x080025fc   Section        0  main.o(.text.Rotation_Horizontal_Half_Step)
    [Anonymous Symbol]                       0x0800267c   Section        0  main.o(.text.Rotation_Vertical_Half_Step)
    [Anonymous Symbol]                       0x080026fc   Section        0  stm32f3xx_it.o(.text.SVC_Handler)
    [Anonymous Symbol]                       0x08002700   Section        0  main.o(.text.StepMotor_PINsB_Half)
    [Anonymous Symbol]                       0x08002894   Section        0  main.o(.text.StepMotor_PINsC_Half)
    [Anonymous Symbol]                       0x08002a48   Section        0  stm32f3xx_it.o(.text.SysTick_Handler)
    [Anonymous Symbol]                       0x08002a4c   Section        0  main.o(.text.SystemClock_Config)
    [Anonymous Symbol]                       0x08002ad0   Section        0  system_stm32f3xx.o(.text.SystemInit)
    [Anonymous Symbol]                       0x08002b68   Section        0  main.o(.text.TIM2_IRQHandler)
    [Anonymous Symbol]                       0x08002b88   Section        0  main.o(.text.TIM3_Counter_Routine)
    [Anonymous Symbol]                       0x08002d78   Section        0  main.o(.text.TIM3_IRQHandler)
    [Anonymous Symbol]                       0x08002db4   Section        0  main.o(.text.USART1_IRQHandler)
    [Anonymous Symbol]                       0x08002e38   Section        0  stm32f3xx_it.o(.text.UsageFault_Handler)
    __NVIC_EnableIRQ                         0x08002e3d   Thumb Code    48  main.o(.text.__NVIC_EnableIRQ)
    [Anonymous Symbol]                       0x08002e3c   Section        0  main.o(.text.__NVIC_EnableIRQ)
    __NVIC_SetPriority                       0x08002e6d   Thumb Code    66  main.o(.text.__NVIC_SetPriority)
    [Anonymous Symbol]                       0x08002e6c   Section        0  main.o(.text.__NVIC_SetPriority)
    [Anonymous Symbol]                       0x08002eb0   Section        0  main.o(.text.main)
    i.__scatterload_copy                     0x080031a4   Section       14  handlers.o(i.__scatterload_copy)
    i.__scatterload_null                     0x080031b2   Section        2  handlers.o(i.__scatterload_null)
    i.__scatterload_zeroinit                 0x080031b4   Section       14  handlers.o(i.__scatterload_zeroinit)
    Null_Position_Detection.function_called  0x20000008   Data           4  main.o(.bss.Null_Position_Detection.function_called)
    [Anonymous Symbol]                       0x20000008   Section        0  main.o(.bss.Null_Position_Detection.function_called)
    Rotation_Horizontal_Half_Step.step       0x2000000c   Data           4  main.o(.bss.Rotation_Horizontal_Half_Step.step)
    [Anonymous Symbol]                       0x2000000c   Section        0  main.o(.bss.Rotation_Horizontal_Half_Step.step)
    Rotation_Vertical_Half_Step.step         0x20000010   Data           4  main.o(.bss.Rotation_Vertical_Half_Step.step)
    [Anonymous Symbol]                       0x20000010   Section        0  main.o(.bss.Rotation_Vertical_Half_Step.step)
    STACK                                    0x20000040   Section     1024  startup_stm32f334x8.o(STACK)

    Global Symbols

    Symbol Name                              Value     Ov Type        Size  Object(Section)

    BuildAttributes$$THM_ISAv4$E$P$D$K$B$S$7EM$VFPi3$EXTD16$VFPS$VFMA$PE$A:L22UL41UL21$X:L11$S22US41US21$IEEE1$IW$~IW$USESV6$~STKCKD$USESV7$~SHL$OSPACE$ROPI$EBA8$MICROLIB$REQ8$PRES8$EABIv2 0x00000000   Number         0  anon$$obj.o ABSOLUTE
    __cpp_initialize__aeabi_                  - Undefined Weak Reference
    __cxa_finalize                            - Undefined Weak Reference
    __decompress                              - Undefined Weak Reference
    _clock_init                               - Undefined Weak Reference
    _microlib_exit                            - Undefined Weak Reference
    __Vectors_Size                           0x00000188   Number         0  startup_stm32f334x8.o ABSOLUTE
    __Vectors                                0x08000000   Data           4  startup_stm32f334x8.o(RESET)
    __Vectors_End                            0x08000188   Data           0  startup_stm32f334x8.o(RESET)
    __main                                   0x08000189   Thumb Code     0  entry.o(.ARM.Collect$$$$00000000)
    _main_stk                                0x08000189   Thumb Code     0  entry2.o(.ARM.Collect$$$$00000001)
    _main_scatterload                        0x0800018d   Thumb Code     0  entry5.o(.ARM.Collect$$$$00000004)
    __main_after_scatterload                 0x08000191   Thumb Code     0  entry5.o(.ARM.Collect$$$$00000004)
    _main_clock                              0x08000191   Thumb Code     0  entry7b.o(.ARM.Collect$$$$00000008)
    _main_cpp_init                           0x08000191   Thumb Code     0  entry8b.o(.ARM.Collect$$$$0000000A)
    _main_init                               0x08000191   Thumb Code     0  entry9a.o(.ARM.Collect$$$$0000000B)
    __rt_final_cpp                           0x08000199   Thumb Code     0  entry10a.o(.ARM.Collect$$$$0000000D)
    __rt_final_exit                          0x08000199   Thumb Code     0  entry11a.o(.ARM.Collect$$$$0000000F)
    Reset_Handler                            0x0800019d   Thumb Code     8  startup_stm32f334x8.o(.text)
    ADC1_2_IRQHandler                        0x080001b7   Thumb Code     0  startup_stm32f334x8.o(.text)
    CAN_RX0_IRQHandler                       0x080001b7   Thumb Code     0  startup_stm32f334x8.o(.text)
    CAN_RX1_IRQHandler                       0x080001b7   Thumb Code     0  startup_stm32f334x8.o(.text)
    CAN_SCE_IRQHandler                       0x080001b7   Thumb Code     0  startup_stm32f334x8.o(.text)
    CAN_TX_IRQHandler                        0x080001b7   Thumb Code     0  startup_stm32f334x8.o(.text)
    COMP2_IRQHandler                         0x080001b7   Thumb Code     0  startup_stm32f334x8.o(.text)
    COMP4_6_IRQHandler                       0x080001b7   Thumb Code     0  startup_stm32f334x8.o(.text)
    DMA1_Channel1_IRQHandler                 0x080001b7   Thumb Code     0  startup_stm32f334x8.o(.text)
    DMA1_Channel2_IRQHandler                 0x080001b7   Thumb Code     0  startup_stm32f334x8.o(.text)
    DMA1_Channel3_IRQHandler                 0x080001b7   Thumb Code     0  startup_stm32f334x8.o(.text)
    DMA1_Channel4_IRQHandler                 0x080001b7   Thumb Code     0  startup_stm32f334x8.o(.text)
    DMA1_Channel5_IRQHandler                 0x080001b7   Thumb Code     0  startup_stm32f334x8.o(.text)
    DMA1_Channel6_IRQHandler                 0x080001b7   Thumb Code     0  startup_stm32f334x8.o(.text)
    DMA1_Channel7_IRQHandler                 0x080001b7   Thumb Code     0  startup_stm32f334x8.o(.text)
    EXTI0_IRQHandler                         0x080001b7   Thumb Code     0  startup_stm32f334x8.o(.text)
    EXTI15_10_IRQHandler                     0x080001b7   Thumb Code     0  startup_stm32f334x8.o(.text)
    EXTI1_IRQHandler                         0x080001b7   Thumb Code     0  startup_stm32f334x8.o(.text)
    EXTI2_TSC_IRQHandler                     0x080001b7   Thumb Code     0  startup_stm32f334x8.o(.text)
    EXTI9_5_IRQHandler                       0x080001b7   Thumb Code     0  startup_stm32f334x8.o(.text)
    FLASH_IRQHandler                         0x080001b7   Thumb Code     0  startup_stm32f334x8.o(.text)
    FPU_IRQHandler                           0x080001b7   Thumb Code     0  startup_stm32f334x8.o(.text)
    HRTIM1_FLT_IRQHandler                    0x080001b7   Thumb Code     0  startup_stm32f334x8.o(.text)
    HRTIM1_Master_IRQHandler                 0x080001b7   Thumb Code     0  startup_stm32f334x8.o(.text)
    HRTIM1_TIMA_IRQHandler                   0x080001b7   Thumb Code     0  startup_stm32f334x8.o(.text)
    HRTIM1_TIMB_IRQHandler                   0x080001b7   Thumb Code     0  startup_stm32f334x8.o(.text)
    HRTIM1_TIMC_IRQHandler                   0x080001b7   Thumb Code     0  startup_stm32f334x8.o(.text)
    HRTIM1_TIMD_IRQHandler                   0x080001b7   Thumb Code     0  startup_stm32f334x8.o(.text)
    HRTIM1_TIME_IRQHandler                   0x080001b7   Thumb Code     0  startup_stm32f334x8.o(.text)
    I2C1_ER_IRQHandler                       0x080001b7   Thumb Code     0  startup_stm32f334x8.o(.text)
    I2C1_EV_IRQHandler                       0x080001b7   Thumb Code     0  startup_stm32f334x8.o(.text)
    PVD_IRQHandler                           0x080001b7   Thumb Code     0  startup_stm32f334x8.o(.text)
    RCC_IRQHandler                           0x080001b7   Thumb Code     0  startup_stm32f334x8.o(.text)
    RTC_Alarm_IRQHandler                     0x080001b7   Thumb Code     0  startup_stm32f334x8.o(.text)
    RTC_WKUP_IRQHandler                      0x080001b7   Thumb Code     0  startup_stm32f334x8.o(.text)
    SPI1_IRQHandler                          0x080001b7   Thumb Code     0  startup_stm32f334x8.o(.text)
    TAMP_STAMP_IRQHandler                    0x080001b7   Thumb Code     0  startup_stm32f334x8.o(.text)
    TIM1_BRK_TIM15_IRQHandler                0x080001b7   Thumb Code     0  startup_stm32f334x8.o(.text)
    TIM1_CC_IRQHandler                       0x080001b7   Thumb Code     0  startup_stm32f334x8.o(.text)
    TIM1_TRG_COM_TIM17_IRQHandler            0x080001b7   Thumb Code     0  startup_stm32f334x8.o(.text)
    TIM1_UP_TIM16_IRQHandler                 0x080001b7   Thumb Code     0  startup_stm32f334x8.o(.text)
    TIM6_DAC1_IRQHandler                     0x080001b7   Thumb Code     0  startup_stm32f334x8.o(.text)
    TIM7_DAC2_IRQHandler                     0x080001b7   Thumb Code     0  startup_stm32f334x8.o(.text)
    USART2_IRQHandler                        0x080001b7   Thumb Code     0  startup_stm32f334x8.o(.text)
    USART3_IRQHandler                        0x080001b7   Thumb Code     0  startup_stm32f334x8.o(.text)
    WWDG_IRQHandler                          0x080001b7   Thumb Code     0  startup_stm32f334x8.o(.text)
    __aeabi_dadd                             0x080001c1   Thumb Code   322  dadd.o(.text)
    __aeabi_dsub                             0x08000303   Thumb Code     6  dadd.o(.text)
    __aeabi_drsub                            0x08000309   Thumb Code     6  dadd.o(.text)
    __aeabi_dmul                             0x0800030f   Thumb Code   228  dmul.o(.text)
    __aeabi_ddiv                             0x080003f3   Thumb Code   222  ddiv.o(.text)
    __aeabi_dcmple                           0x080004d1   Thumb Code    54  dcmple.o(.text)
    __aeabi_dcmplt                           0x08000507   Thumb Code    54  dcmplt.o(.text)
    __aeabi_dcmpge                           0x0800053d   Thumb Code    54  dcmpge.o(.text)
    __aeabi_dcmpgt                           0x08000573   Thumb Code    54  dcmpgt.o(.text)
    __aeabi_i2d                              0x080005a9   Thumb Code    34  dflti.o(.text)
    __aeabi_llsl                             0x080005cb   Thumb Code    30  llshl.o(.text)
    _ll_shift_l                              0x080005cb   Thumb Code     0  llshl.o(.text)
    __aeabi_lasr                             0x080005e9   Thumb Code    36  llsshr.o(.text)
    _ll_sshift_r                             0x080005e9   Thumb Code     0  llsshr.o(.text)
    __I$use$fp                               0x0800060d   Thumb Code     0  iusefp.o(.text)
    _double_round                            0x0800060d   Thumb Code    30  depilogue.o(.text)
    _double_epilogue                         0x0800062b   Thumb Code   156  depilogue.o(.text)
    __scatterload                            0x080006c9   Thumb Code    28  init.o(.text)
    __scatterload_rt2                        0x080006c9   Thumb Code     0  init.o(.text)
    __aeabi_llsr                             0x080006ed   Thumb Code    32  llushr.o(.text)
    _ll_ushift_r                             0x080006ed   Thumb Code     0  llushr.o(.text)
    BusFault_Handler                         0x0800070d   Thumb Code     4  stm32f3xx_it.o(.text.BusFault_Handler)
    Check_Direction                          0x08000711   Thumb Code   568  main.o(.text.Check_Direction)
    DebugMon_Handler                         0x08000949   Thumb Code     2  stm32f3xx_it.o(.text.DebugMon_Handler)
    EXTI3_IRQHandler                         0x0800094d   Thumb Code    16  main.o(.text.EXTI3_IRQHandler)
    EXTI4_IRQHandler                         0x0800095d   Thumb Code    14  main.o(.text.EXTI4_IRQHandler)
    HardFault_Handler                        0x0800096d   Thumb Code     4  stm32f3xx_it.o(.text.HardFault_Handler)
    LL_EXTI_Init                             0x08000b71   Thumb Code   476  stm32f3xx_ll_exti.o(.text.LL_EXTI_Init)
    LL_GPIO_Init                             0x08000d69   Thumb Code   258  stm32f3xx_ll_gpio.o(.text.LL_GPIO_Init)
    LL_GPIO_StructInit                       0x08001139   Thumb Code    40  stm32f3xx_ll_gpio.o(.text.LL_GPIO_StructInit)
    LL_Init1msTick                           0x08001161   Thumb Code    20  stm32f3xx_ll_utils.o(.text.LL_Init1msTick)
    LL_RCC_GetSystemClocksFreq               0x080011fd   Thumb Code    54  stm32f3xx_ll_rcc.o(.text.LL_RCC_GetSystemClocksFreq)
    LL_RCC_GetUSARTClockFreq                 0x08001235   Thumb Code   114  stm32f3xx_ll_rcc.o(.text.LL_RCC_GetUSARTClockFreq)
    LL_SetSystemCoreClock                    0x08001469   Thumb Code    20  stm32f3xx_ll_utils.o(.text.LL_SetSystemCoreClock)
    LL_TIM_Init                              0x080014d5   Thumb Code   292  stm32f3xx_ll_tim.o(.text.LL_TIM_Init)
    LL_TIM_StructInit                        0x08001659   Thumb Code    34  stm32f3xx_ll_tim.o(.text.LL_TIM_StructInit)
    LL_USART_Init                            0x080016bd   Thumb Code   224  stm32f3xx_ll_usart.o(.text.LL_USART_Init)
    LL_USART_StructInit                      0x08001855   Thumb Code    44  stm32f3xx_ll_usart.o(.text.LL_USART_StructInit)
    MemManage_Handler                        0x08001881   Thumb Code     4  stm32f3xx_it.o(.text.MemManage_Handler)
    Move_Half                                0x08001889   Thumb Code  2896  main.o(.text.Move_Half)
    NMI_Handler                              0x080023d9   Thumb Code     2  stm32f3xx_it.o(.text.NMI_Handler)
    Null_Position_Detection                  0x08002449   Thumb Code    78  main.o(.text.Null_Position_Detection)
    PendSV_Handler                           0x08002499   Thumb Code     2  stm32f3xx_it.o(.text.PendSV_Handler)
    RCC_GetHCLKClockFreq                     0x0800249d   Thumb Code    38  stm32f3xx_ll_rcc.o(.text.RCC_GetHCLKClockFreq)
    RCC_GetPCLK1ClockFreq                    0x080024c5   Thumb Code    36  stm32f3xx_ll_rcc.o(.text.RCC_GetPCLK1ClockFreq)
    RCC_GetPCLK2ClockFreq                    0x080024e9   Thumb Code    36  stm32f3xx_ll_rcc.o(.text.RCC_GetPCLK2ClockFreq)
    RCC_GetSystemClockFreq                   0x0800250d   Thumb Code    86  stm32f3xx_ll_rcc.o(.text.RCC_GetSystemClockFreq)
    RCC_PLL_GetFreqDomain_SYS                0x08002565   Thumb Code   150  stm32f3xx_ll_rcc.o(.text.RCC_PLL_GetFreqDomain_SYS)
    Rotation_Horizontal_Half_Step            0x080025fd   Thumb Code   128  main.o(.text.Rotation_Horizontal_Half_Step)
    Rotation_Vertical_Half_Step              0x0800267d   Thumb Code   128  main.o(.text.Rotation_Vertical_Half_Step)
    SVC_Handler                              0x080026fd   Thumb Code     2  stm32f3xx_it.o(.text.SVC_Handler)
    StepMotor_PINsB_Half                     0x08002701   Thumb Code   404  main.o(.text.StepMotor_PINsB_Half)
    StepMotor_PINsC_Half                     0x08002895   Thumb Code   436  main.o(.text.StepMotor_PINsC_Half)
    SysTick_Handler                          0x08002a49   Thumb Code     2  stm32f3xx_it.o(.text.SysTick_Handler)
    SystemClock_Config                       0x08002a4d   Thumb Code   130  main.o(.text.SystemClock_Config)
    SystemInit                               0x08002ad1   Thumb Code   150  system_stm32f3xx.o(.text.SystemInit)
    TIM2_IRQHandler                          0x08002b69   Thumb Code    32  main.o(.text.TIM2_IRQHandler)
    TIM3_Counter_Routine                     0x08002b89   Thumb Code   496  main.o(.text.TIM3_Counter_Routine)
    TIM3_IRQHandler                          0x08002d79   Thumb Code    58  main.o(.text.TIM3_IRQHandler)
    USART1_IRQHandler                        0x08002db5   Thumb Code   132  main.o(.text.USART1_IRQHandler)
    UsageFault_Handler                       0x08002e39   Thumb Code     4  stm32f3xx_it.o(.text.UsageFault_Handler)
    main                                     0x08002eb1   Thumb Code   756  main.o(.text.main)
    __scatterload_copy                       0x080031a5   Thumb Code    14  handlers.o(i.__scatterload_copy)
    __scatterload_null                       0x080031b3   Thumb Code     2  handlers.o(i.__scatterload_null)
    __scatterload_zeroinit                   0x080031b5   Thumb Code    14  handlers.o(i.__scatterload_zeroinit)
    AHBPrescTable                            0x080031c2   Data          16  system_stm32f3xx.o(.rodata.AHBPrescTable)
    APBPrescTable                            0x080031d2   Data           8  system_stm32f3xx.o(.rodata.APBPrescTable)
    Region$$Table$$Base                      0x080031dc   Number         0  anon$$obj.o(Region$$Table)
    Region$$Table$$Limit                     0x080031fc   Number         0  anon$$obj.o(Region$$Table)
    SystemCoreClock                          0x20000000   Data           4  system_stm32f3xx.o(.data.SystemCoreClock)
    priority_grouping                        0x20000004   Data           4  main.o(.data.priority_grouping)
    diode_0                                  0x20000014   Data           4  main.o(.bss.diode_0)
    diode_1                                  0x20000018   Data           4  main.o(.bss.diode_1)
    diode_2                                  0x2000001c   Data           4  main.o(.bss.diode_2)
    diode_3                                  0x20000020   Data           4  main.o(.bss.diode_3)
    encoded_priority                         0x20000024   Data           4  main.o(.bss.encoded_priority)
    engle                                    0x20000028   Data           8  main.o(.bss.engle)
    left_to_right                            0x20000030   Data           4  main.o(.bss.left_to_right)
    right_to_left                            0x20000034   Data           4  main.o(.bss.right_to_left)
    rps                                      0x20000038   Data           8  main.o(.bss.rps)
    __initial_sp                             0x20000440   Data           0  startup_stm32f334x8.o(STACK)



==============================================================================

Memory Map of the image

  Image Entry point : 0x08000189

  Load Region LR_IROM1 (Base: 0x08000000, Size: 0x00003208, Max: 0x00010000, ABSOLUTE)

    Execution Region ER_IROM1 (Exec base: 0x08000000, Load base: 0x08000000, Size: 0x000031fc, Max: 0x00010000, ABSOLUTE)

    Exec Addr    Load Addr    Size         Type   Attr      Idx    E Section Name        Object

    0x08000000   0x08000000   0x00000188   Data   RO          493    RESET               startup_stm32f334x8.o
    0x08000188   0x08000188   0x00000000   Code   RO          500  * .ARM.Collect$$$$00000000  mc_w.l(entry.o)
    0x08000188   0x08000188   0x00000004   Code   RO          519    .ARM.Collect$$$$00000001  mc_w.l(entry2.o)
    0x0800018c   0x0800018c   0x00000004   Code   RO          522    .ARM.Collect$$$$00000004  mc_w.l(entry5.o)
    0x08000190   0x08000190   0x00000000   Code   RO          524    .ARM.Collect$$$$00000008  mc_w.l(entry7b.o)
    0x08000190   0x08000190   0x00000000   Code   RO          526    .ARM.Collect$$$$0000000A  mc_w.l(entry8b.o)
    0x08000190   0x08000190   0x00000008   Code   RO          527    .ARM.Collect$$$$0000000B  mc_w.l(entry9a.o)
    0x08000198   0x08000198   0x00000000   Code   RO          529    .ARM.Collect$$$$0000000D  mc_w.l(entry10a.o)
    0x08000198   0x08000198   0x00000000   Code   RO          531    .ARM.Collect$$$$0000000F  mc_w.l(entry11a.o)
    0x08000198   0x08000198   0x00000004   Code   RO          520    .ARM.Collect$$$$00002712  mc_w.l(entry2.o)
    0x0800019c   0x0800019c   0x00000024   Code   RO          494    .text               startup_stm32f334x8.o
    0x080001c0   0x080001c0   0x0000014e   Code   RO          503    .text               mf_w.l(dadd.o)
    0x0800030e   0x0800030e   0x000000e4   Code   RO          505    .text               mf_w.l(dmul.o)
    0x080003f2   0x080003f2   0x000000de   Code   RO          507    .text               mf_w.l(ddiv.o)
    0x080004d0   0x080004d0   0x00000036   Code   RO          509    .text               mf_w.l(dcmple.o)
    0x08000506   0x08000506   0x00000036   Code   RO          511    .text               mf_w.l(dcmplt.o)
    0x0800053c   0x0800053c   0x00000036   Code   RO          513    .text               mf_w.l(dcmpge.o)
    0x08000572   0x08000572   0x00000036   Code   RO          515    .text               mf_w.l(dcmpgt.o)
    0x080005a8   0x080005a8   0x00000022   Code   RO          517    .text               mf_w.l(dflti.o)
    0x080005ca   0x080005ca   0x0000001e   Code   RO          533    .text               mc_w.l(llshl.o)
    0x080005e8   0x080005e8   0x00000024   Code   RO          535    .text               mc_w.l(llsshr.o)
    0x0800060c   0x0800060c   0x00000000   Code   RO          537    .text               mc_w.l(iusefp.o)
    0x0800060c   0x0800060c   0x000000ba   Code   RO          538    .text               mf_w.l(depilogue.o)
    0x080006c6   0x080006c6   0x00000002   PAD
    0x080006c8   0x080006c8   0x00000024   Code   RO          540    .text               mc_w.l(init.o)
    0x080006ec   0x080006ec   0x00000020   Code   RO          542    .text               mc_w.l(llushr.o)
    0x0800070c   0x0800070c   0x00000004   Code   RO            8    .text.BusFault_Handler  stm32f3xx_it.o
    0x08000710   0x08000710   0x00000238   Code   RO           85    .text.Check_Direction  main.o
    0x08000948   0x08000948   0x00000002   Code   RO           14    .text.DebugMon_Handler  stm32f3xx_it.o
    0x0800094a   0x0800094a   0x00000002   PAD
    0x0800094c   0x0800094c   0x00000010   Code   RO           91    .text.EXTI3_IRQHandler  main.o
    0x0800095c   0x0800095c   0x0000000e   Code   RO           95    .text.EXTI4_IRQHandler  main.o
    0x0800096a   0x0800096a   0x00000002   PAD
    0x0800096c   0x0800096c   0x00000004   Code   RO            4    .text.HardFault_Handler  stm32f3xx_it.o
    0x08000970   0x08000970   0x00000022   Code   RO           31    .text.LL_AHB1_GRP1_EnableClock  main.o
    0x08000992   0x08000992   0x00000002   PAD
    0x08000994   0x08000994   0x00000022   Code   RO           33    .text.LL_APB1_GRP1_EnableClock  main.o
    0x080009b6   0x080009b6   0x00000002   PAD
    0x080009b8   0x080009b8   0x00000022   Code   RO           39    .text.LL_APB2_GRP1_EnableClock  main.o
    0x080009da   0x080009da   0x00000002   PAD
    0x080009dc   0x080009dc   0x00000014   Code   RO           93    .text.LL_EXTI_ClearFlag_0_31  main.o
    0x080009f0   0x080009f0   0x00000018   Code   RO          437    .text.LL_EXTI_DisableEvent_0_31  stm32f3xx_ll_exti.o
    0x08000a08   0x08000a08   0x00000018   Code   RO          453    .text.LL_EXTI_DisableEvent_32_63  stm32f3xx_ll_exti.o
    0x08000a20   0x08000a20   0x00000018   Code   RO          445    .text.LL_EXTI_DisableFallingTrig_0_31  stm32f3xx_ll_exti.o
    0x08000a38   0x08000a38   0x00000018   Code   RO          461    .text.LL_EXTI_DisableFallingTrig_32_63  stm32f3xx_ll_exti.o
    0x08000a50   0x08000a50   0x00000018   Code   RO          441    .text.LL_EXTI_DisableIT_0_31  stm32f3xx_ll_exti.o
    0x08000a68   0x08000a68   0x00000018   Code   RO          457    .text.LL_EXTI_DisableIT_32_63  stm32f3xx_ll_exti.o
    0x08000a80   0x08000a80   0x00000018   Code   RO          449    .text.LL_EXTI_DisableRisingTrig_0_31  stm32f3xx_ll_exti.o
    0x08000a98   0x08000a98   0x00000018   Code   RO          465    .text.LL_EXTI_DisableRisingTrig_32_63  stm32f3xx_ll_exti.o
    0x08000ab0   0x08000ab0   0x00000018   Code   RO          443    .text.LL_EXTI_EnableEvent_0_31  stm32f3xx_ll_exti.o
    0x08000ac8   0x08000ac8   0x00000018   Code   RO          459    .text.LL_EXTI_EnableEvent_32_63  stm32f3xx_ll_exti.o
    0x08000ae0   0x08000ae0   0x00000018   Code   RO          451    .text.LL_EXTI_EnableFallingTrig_0_31  stm32f3xx_ll_exti.o
    0x08000af8   0x08000af8   0x00000018   Code   RO          467    .text.LL_EXTI_EnableFallingTrig_32_63  stm32f3xx_ll_exti.o
    0x08000b10   0x08000b10   0x00000018   Code   RO          439    .text.LL_EXTI_EnableIT_0_31  stm32f3xx_ll_exti.o
    0x08000b28   0x08000b28   0x00000018   Code   RO          455    .text.LL_EXTI_EnableIT_32_63  stm32f3xx_ll_exti.o
    0x08000b40   0x08000b40   0x00000018   Code   RO          447    .text.LL_EXTI_EnableRisingTrig_0_31  stm32f3xx_ll_exti.o
    0x08000b58   0x08000b58   0x00000018   Code   RO          463    .text.LL_EXTI_EnableRisingTrig_32_63  stm32f3xx_ll_exti.o
    0x08000b70   0x08000b70   0x000001dc   Code   RO          435    .text.LL_EXTI_Init  stm32f3xx_ll_exti.o
    0x08000d4c   0x08000d4c   0x0000001c   Code   RO          109    .text.LL_FLASH_SetLatency  main.o
    0x08000d68   0x08000d68   0x00000102   Code   RO          222    .text.LL_GPIO_Init  stm32f3xx_ll_gpio.o
    0x08000e6a   0x08000e6a   0x00000002   PAD
    0x08000e6c   0x08000e6c   0x0000001a   Code   RO           87    .text.LL_GPIO_IsInputPinSet  main.o
    0x08000e86   0x08000e86   0x00000002   PAD
    0x08000e88   0x08000e88   0x00000010   Code   RO           57    .text.LL_GPIO_ResetOutputPin  main.o
    0x08000e98   0x08000e98   0x0000007c   Code   RO          230    .text.LL_GPIO_SetAFPin_0_7  stm32f3xx_ll_gpio.o
    0x08000f14   0x08000f14   0x00000080   Code   RO          232    .text.LL_GPIO_SetAFPin_8_15  stm32f3xx_ll_gpio.o
    0x08000f94   0x08000f94   0x00000010   Code   RO           55    .text.LL_GPIO_SetOutputPin  main.o
    0x08000fa4   0x08000fa4   0x0000007c   Code   RO          234    .text.LL_GPIO_SetPinMode  stm32f3xx_ll_gpio.o
    0x08001020   0x08001020   0x0000001e   Code   RO          226    .text.LL_GPIO_SetPinOutputType  stm32f3xx_ll_gpio.o
    0x0800103e   0x0800103e   0x00000002   PAD
    0x08001040   0x08001040   0x0000007c   Code   RO          228    .text.LL_GPIO_SetPinPull  stm32f3xx_ll_gpio.o
    0x080010bc   0x080010bc   0x0000007c   Code   RO          224    .text.LL_GPIO_SetPinSpeed  stm32f3xx_ll_gpio.o
    0x08001138   0x08001138   0x00000028   Code   RO          236    .text.LL_GPIO_StructInit  stm32f3xx_ll_gpio.o
    0x08001160   0x08001160   0x00000014   Code   RO          155    .text.LL_Init1msTick  stm32f3xx_ll_utils.o
    0x08001174   0x08001174   0x00000036   Code   RO          157    .text.LL_InitTick   stm32f3xx_ll_utils.o
    0x080011aa   0x080011aa   0x00000002   PAD
    0x080011ac   0x080011ac   0x00000010   Code   RO          295    .text.LL_RCC_GetAHBPrescaler  stm32f3xx_ll_rcc.o
    0x080011bc   0x080011bc   0x00000010   Code   RO          297    .text.LL_RCC_GetAPB1Prescaler  stm32f3xx_ll_rcc.o
    0x080011cc   0x080011cc   0x00000010   Code   RO          299    .text.LL_RCC_GetAPB2Prescaler  stm32f3xx_ll_rcc.o
    0x080011dc   0x080011dc   0x00000010   Code   RO          125    .text.LL_RCC_GetSysClkSource  main.o
    0x080011ec   0x080011ec   0x00000010   Code   RO          253    .text.LL_RCC_GetSysClkSource  stm32f3xx_ll_rcc.o
    0x080011fc   0x080011fc   0x00000036   Code   RO          261    .text.LL_RCC_GetSystemClocksFreq  stm32f3xx_ll_rcc.o
    0x08001232   0x08001232   0x00000002   PAD
    0x08001234   0x08001234   0x00000072   Code   RO          271    .text.LL_RCC_GetUSARTClockFreq  stm32f3xx_ll_rcc.o
    0x080012a6   0x080012a6   0x00000002   PAD
    0x080012a8   0x080012a8   0x0000001e   Code   RO          273    .text.LL_RCC_GetUSARTClockSource  stm32f3xx_ll_rcc.o
    0x080012c6   0x080012c6   0x00000002   PAD
    0x080012c8   0x080012c8   0x00000012   Code   RO          113    .text.LL_RCC_HSI_Enable  main.o
    0x080012da   0x080012da   0x00000002   PAD
    0x080012dc   0x080012dc   0x00000010   Code   RO          111    .text.LL_RCC_HSI_IsReady  main.o
    0x080012ec   0x080012ec   0x00000010   Code   RO          249    .text.LL_RCC_HSI_IsReady  stm32f3xx_ll_rcc.o
    0x080012fc   0x080012fc   0x00000010   Code   RO          275    .text.LL_RCC_LSE_IsReady  stm32f3xx_ll_rcc.o
    0x0800130c   0x0800130c   0x00000038   Code   RO          115    .text.LL_RCC_PLL_ConfigDomain_SYS  main.o
    0x08001344   0x08001344   0x00000012   Code   RO          117    .text.LL_RCC_PLL_Enable  main.o
    0x08001356   0x08001356   0x00000002   PAD
    0x08001358   0x08001358   0x00000010   Code   RO          301    .text.LL_RCC_PLL_GetMainSource  stm32f3xx_ll_rcc.o
    0x08001368   0x08001368   0x00000010   Code   RO          305    .text.LL_RCC_PLL_GetMultiplicator  stm32f3xx_ll_rcc.o
    0x08001378   0x08001378   0x00000010   Code   RO          303    .text.LL_RCC_PLL_GetPrediv  stm32f3xx_ll_rcc.o
    0x08001388   0x08001388   0x00000010   Code   RO          119    .text.LL_RCC_PLL_IsReady  main.o
    0x08001398   0x08001398   0x0000001c   Code   RO          121    .text.LL_RCC_SetAHBPrescaler  main.o
    0x080013b4   0x080013b4   0x0000001c   Code   RO          127    .text.LL_RCC_SetAPB1Prescaler  main.o
    0x080013d0   0x080013d0   0x0000001c   Code   RO          129    .text.LL_RCC_SetAPB2Prescaler  main.o
    0x080013ec   0x080013ec   0x0000001c   Code   RO          123    .text.LL_RCC_SetSysClkSource  main.o
    0x08001408   0x08001408   0x00000060   Code   RO           45    .text.LL_SYSCFG_SetEXTISource  main.o
    0x08001468   0x08001468   0x00000014   Code   RO          161    .text.LL_SetSystemCoreClock  stm32f3xx_ll_utils.o
    0x0800147c   0x0800147c   0x00000010   Code   RO          105    .text.LL_TIM_ClearFlag_UPDATE  main.o
    0x0800148c   0x0800148c   0x00000012   Code   RO           35    .text.LL_TIM_EnableCounter  main.o
    0x0800149e   0x0800149e   0x00000002   PAD
    0x080014a0   0x080014a0   0x00000012   Code   RO           37    .text.LL_TIM_EnableIT_UPDATE  main.o
    0x080014b2   0x080014b2   0x00000002   PAD
    0x080014b4   0x080014b4   0x00000012   Code   RO          370    .text.LL_TIM_GenerateEvent_UPDATE  stm32f3xx_ll_tim.o
    0x080014c6   0x080014c6   0x00000002   PAD
    0x080014c8   0x080014c8   0x0000000c   Code   RO           81    .text.LL_TIM_GetCounter  main.o
    0x080014d4   0x080014d4   0x00000124   Code   RO          362    .text.LL_TIM_Init   stm32f3xx_ll_tim.o
    0x080015f8   0x080015f8   0x00000010   Code   RO          103    .text.LL_TIM_IsActiveFlag_UPDATE  main.o
    0x08001608   0x08001608   0x00000010   Code   RO           79    .text.LL_TIM_IsEnabledCounter  main.o
    0x08001618   0x08001618   0x00000010   Code   RO          364    .text.LL_TIM_SetAutoReload  stm32f3xx_ll_tim.o
    0x08001628   0x08001628   0x00000010   Code   RO           83    .text.LL_TIM_SetCounter  main.o
    0x08001638   0x08001638   0x00000010   Code   RO          366    .text.LL_TIM_SetPrescaler  stm32f3xx_ll_tim.o
    0x08001648   0x08001648   0x00000010   Code   RO          368    .text.LL_TIM_SetRepetitionCounter  stm32f3xx_ll_tim.o
    0x08001658   0x08001658   0x00000022   Code   RO          360    .text.LL_TIM_StructInit  stm32f3xx_ll_tim.o
    0x0800167a   0x0800167a   0x00000002   PAD
    0x0800167c   0x0800167c   0x00000012   Code   RO           43    .text.LL_USART_Enable  main.o
    0x0800168e   0x0800168e   0x00000002   PAD
    0x08001690   0x08001690   0x0000002a   Code   RO           41    .text.LL_USART_EnableIT_RXNE  main.o
    0x080016ba   0x080016ba   0x00000002   PAD
    0x080016bc   0x080016bc   0x000000e0   Code   RO          325    .text.LL_USART_Init  stm32f3xx_ll_usart.o
    0x0800179c   0x0800179c   0x00000010   Code   RO          327    .text.LL_USART_IsEnabled  stm32f3xx_ll_usart.o
    0x080017ac   0x080017ac   0x0000000e   Code   RO           99    .text.LL_USART_ReceiveData8  main.o
    0x080017ba   0x080017ba   0x00000002   PAD
    0x080017bc   0x080017bc   0x0000005e   Code   RO          333    .text.LL_USART_SetBaudRate  stm32f3xx_ll_usart.o
    0x0800181a   0x0800181a   0x00000002   PAD
    0x0800181c   0x0800181c   0x0000001a   Code   RO          331    .text.LL_USART_SetHWFlowCtrl  stm32f3xx_ll_usart.o
    0x08001836   0x08001836   0x00000002   PAD
    0x08001838   0x08001838   0x0000001a   Code   RO          329    .text.LL_USART_SetStopBitsLength  stm32f3xx_ll_usart.o
    0x08001852   0x08001852   0x00000002   PAD
    0x08001854   0x08001854   0x0000002c   Code   RO          335    .text.LL_USART_StructInit  stm32f3xx_ll_usart.o
    0x08001880   0x08001880   0x00000004   Code   RO            6    .text.MemManage_Handler  stm32f3xx_it.o
    0x08001884   0x08001884   0x00000004   PAD
    0x08001888   0x08001888   0x00000b50   Code   RO           75    .text.Move_Half     main.o
    0x080023d8   0x080023d8   0x00000002   Code   RO            2    .text.NMI_Handler   stm32f3xx_it.o
    0x080023da   0x080023da   0x00000002   PAD
    0x080023dc   0x080023dc   0x0000006c   Code   RO           47    .text.NVIC_EncodePriority  main.o
    0x08002448   0x08002448   0x0000004e   Code   RO           89    .text.Null_Position_Detection  main.o
    0x08002496   0x08002496   0x00000002   PAD
    0x08002498   0x08002498   0x00000002   Code   RO           16    .text.PendSV_Handler  stm32f3xx_it.o
    0x0800249a   0x0800249a   0x00000002   PAD
    0x0800249c   0x0800249c   0x00000026   Code   RO          265    .text.RCC_GetHCLKClockFreq  stm32f3xx_ll_rcc.o
    0x080024c2   0x080024c2   0x00000002   PAD
    0x080024c4   0x080024c4   0x00000024   Code   RO          267    .text.RCC_GetPCLK1ClockFreq  stm32f3xx_ll_rcc.o
    0x080024e8   0x080024e8   0x00000024   Code   RO          269    .text.RCC_GetPCLK2ClockFreq  stm32f3xx_ll_rcc.o
    0x0800250c   0x0800250c   0x00000056   Code   RO          263    .text.RCC_GetSystemClockFreq  stm32f3xx_ll_rcc.o
    0x08002562   0x08002562   0x00000002   PAD
    0x08002564   0x08002564   0x00000096   Code   RO          289    .text.RCC_PLL_GetFreqDomain_SYS  stm32f3xx_ll_rcc.o
    0x080025fa   0x080025fa   0x00000002   PAD
    0x080025fc   0x080025fc   0x00000080   Code   RO           67    .text.Rotation_Horizontal_Half_Step  main.o
    0x0800267c   0x0800267c   0x00000080   Code   RO           65    .text.Rotation_Vertical_Half_Step  main.o
    0x080026fc   0x080026fc   0x00000002   Code   RO           12    .text.SVC_Handler   stm32f3xx_it.o
    0x080026fe   0x080026fe   0x00000002   PAD
    0x08002700   0x08002700   0x00000194   Code   RO           61    .text.StepMotor_PINsB_Half  main.o
    0x08002894   0x08002894   0x000001b4   Code   RO           63    .text.StepMotor_PINsC_Half  main.o
    0x08002a48   0x08002a48   0x00000002   Code   RO           18    .text.SysTick_Handler  stm32f3xx_it.o
    0x08002a4a   0x08002a4a   0x00000002   PAD
    0x08002a4c   0x08002a4c   0x00000082   Code   RO           29    .text.SystemClock_Config  main.o
    0x08002ace   0x08002ace   0x00000002   PAD
    0x08002ad0   0x08002ad0   0x00000096   Code   RO          478    .text.SystemInit    system_stm32f3xx.o
    0x08002b66   0x08002b66   0x00000002   PAD
    0x08002b68   0x08002b68   0x00000020   Code   RO          107    .text.TIM2_IRQHandler  main.o
    0x08002b88   0x08002b88   0x000001f0   Code   RO           77    .text.TIM3_Counter_Routine  main.o
    0x08002d78   0x08002d78   0x0000003a   Code   RO          101    .text.TIM3_IRQHandler  main.o
    0x08002db2   0x08002db2   0x00000002   PAD
    0x08002db4   0x08002db4   0x00000084   Code   RO           97    .text.USART1_IRQHandler  main.o
    0x08002e38   0x08002e38   0x00000004   Code   RO           10    .text.UsageFault_Handler  stm32f3xx_it.o
    0x08002e3c   0x08002e3c   0x00000030   Code   RO           51    .text.__NVIC_EnableIRQ  main.o
    0x08002e6c   0x08002e6c   0x00000042   Code   RO           49    .text.__NVIC_SetPriority  main.o
    0x08002eae   0x08002eae   0x00000002   PAD
    0x08002eb0   0x08002eb0   0x000002f4   Code   RO           27    .text.main          main.o
    0x080031a4   0x080031a4   0x0000000e   Code   RO          546    i.__scatterload_copy  mc_w.l(handlers.o)
    0x080031b2   0x080031b2   0x00000002   Code   RO          547    i.__scatterload_null  mc_w.l(handlers.o)
    0x080031b4   0x080031b4   0x0000000e   Code   RO          548    i.__scatterload_zeroinit  mc_w.l(handlers.o)
    0x080031c2   0x080031c2   0x00000010   Data   RO          483    .rodata.AHBPrescTable  system_stm32f3xx.o
    0x080031d2   0x080031d2   0x00000008   Data   RO          484    .rodata.APBPrescTable  system_stm32f3xx.o
    0x080031da   0x080031da   0x00000002   PAD
    0x080031dc   0x080031dc   0x00000020   Data   RO          545    Region$$Table       anon$$obj.o


    Execution Region RW_IRAM1 (Exec base: 0x20000000, Load base: 0x08003200, Size: 0x00000440, Max: 0x00003000, ABSOLUTE)

    Exec Addr    Load Addr    Size         Type   Attr      Idx    E Section Name        Object

    0x20000000   0x08003200   0x00000004   Data   RW          482    .data.SystemCoreClock  system_stm32f3xx.o
    0x20000004   0x08003204   0x00000004   Data   RW          132    .data.priority_grouping  main.o
    0x20000008        -       0x00000004   Zero   RW          146    .bss.Null_Position_Detection.function_called  main.o
    0x2000000c        -       0x00000004   Zero   RW          143    .bss.Rotation_Horizontal_Half_Step.step  main.o
    0x20000010        -       0x00000004   Zero   RW          142    .bss.Rotation_Vertical_Half_Step.step  main.o
    0x20000014        -       0x00000004   Zero   RW          136    .bss.diode_0        main.o
    0x20000018        -       0x00000004   Zero   RW          137    .bss.diode_1        main.o
    0x2000001c        -       0x00000004   Zero   RW          138    .bss.diode_2        main.o
    0x20000020        -       0x00000004   Zero   RW          139    .bss.diode_3        main.o
    0x20000024        -       0x00000004   Zero   RW          131    .bss.encoded_priority  main.o
    0x20000028        -       0x00000008   Zero   RW          141    .bss.engle          main.o
    0x20000030        -       0x00000004   Zero   RW          133    .bss.left_to_right  main.o
    0x20000034        -       0x00000004   Zero   RW          134    .bss.right_to_left  main.o
    0x20000038        -       0x00000008   Zero   RW          135    .bss.rps            main.o
    0x20000040        -       0x00000400   Zero   RW          491    STACK               startup_stm32f334x8.o


==============================================================================

Image component sizes


      Code (inc. data)   RO Data    RW Data    ZI Data      Debug   Object Name

      7236        232          0          4         56      16290   main.o
        36          8        392          0       1024        876   startup_stm32f334x8.o
        26          0          0          0          0       1036   stm32f3xx_it.o
       860          0          0          0          0       4256   stm32f3xx_ll_exti.o
       952          0          0          0          0       4634   stm32f3xx_ll_gpio.o
       688          4          0          0          0       6318   stm32f3xx_ll_rcc.o
       392          0          0          0          0       9862   stm32f3xx_ll_tim.o
       430          0          0          0          0       4553   stm32f3xx_ll_usart.o
        94          0          0          0          0       6298   stm32f3xx_ll_utils.o
       150          0         24          4          0       2192   system_stm32f3xx.o

    ----------------------------------------------------------------------
     10940        244        450          8       1080      56315   Object Totals
         0          0         32          0          0          0   (incl. Generated)
        76          0          2          0          0          0   (incl. Padding)

    ----------------------------------------------------------------------

      Code (inc. data)   RO Data    RW Data    ZI Data      Debug   Library Member Name

         0          0          0          0          0          0   entry.o
         0          0          0          0          0          0   entry10a.o
         0          0          0          0          0          0   entry11a.o
         8          4          0          0          0          0   entry2.o
         4          0          0          0          0          0   entry5.o
         0          0          0          0          0          0   entry7b.o
         0          0          0          0          0          0   entry8b.o
         8          4          0          0          0          0   entry9a.o
        30          0          0          0          0          0   handlers.o
        36          8          0          0          0         68   init.o
         0          0          0          0          0          0   iusefp.o
        30          0          0          0          0         68   llshl.o
        36          0          0          0          0         68   llsshr.o
        32          0          0          0          0         68   llushr.o
       334          0          0          0          0        148   dadd.o
        54          0          0          0          0         80   dcmpge.o
        54          0          0          0          0         80   dcmpgt.o
        54          0          0          0          0         80   dcmple.o
        54          0          0          0          0         80   dcmplt.o
       222          0          0          0          0        100   ddiv.o
       186          0          0          0          0        176   depilogue.o
        34          0          0          0          0         76   dflti.o
       228          0          0          0          0         96   dmul.o

    ----------------------------------------------------------------------
      1406         16          0          0          0       1188   Library Totals
         2          0          0          0          0          0   (incl. Padding)

    ----------------------------------------------------------------------

      Code (inc. data)   RO Data    RW Data    ZI Data      Debug   Library Name

       184         16          0          0          0        272   mc_w.l
      1220          0          0          0          0        916   mf_w.l

    ----------------------------------------------------------------------
      1406         16          0          0          0       1188   Library Totals

    ----------------------------------------------------------------------

==============================================================================


      Code (inc. data)   RO Data    RW Data    ZI Data      Debug   

     12346        260        450          8       1080      56975   Grand Totals
     12346        260        450          8       1080      56975   ELF Image Totals
     12346        260        450          8          0          0   ROM Totals

==============================================================================

    Total RO  Size (Code + RO Data)                12796 (  12.50kB)
    Total RW  Size (RW Data + ZI Data)              1088 (   1.06kB)
    Total ROM Size (Code + RO Data + RW Data)      12804 (  12.50kB)

==============================================================================

